<?xml version="1.0" encoding="ISO-8859-1" ?>
<link_info>
   <banner>TI ARM Clang Linker PC v3.2.0.LTS</banner>
   <copyright>Copyright (c) 1996-2018 Texas Instruments Incorporated</copyright>
   <link_time>0x652caf61</link_time>
   <link_errors>0x0</link_errors>
   <output_file>E:\Users\vrock\workspace_v12\gpiointerrupt_CC3220S_LAUNCHXL_nortos_ticlang\MCU+Image\gpiointerrupt_CC3220S_LAUNCHXL_nortos_ticlang.out</output_file>
   <entry_point>
      <name>resetISR</name>
      <address>0x200114c5</address>
   </entry_point>
   <input_file_list>
      <input_file id="fl-1">
         <path>E:\Users\vrock\workspace_v12\gpiointerrupt_CC3220S_LAUNCHXL_nortos_ticlang\MCU+Image\.\</path>
         <kind>object</kind>
         <file>gpiointerrupt.o</file>
         <name>gpiointerrupt.o</name>
      </input_file>
      <input_file id="fl-2">
         <path>E:\Users\vrock\workspace_v12\gpiointerrupt_CC3220S_LAUNCHXL_nortos_ticlang\MCU+Image\.\syscfg\</path>
         <kind>object</kind>
         <file>ti_drivers_config.o</file>
         <name>ti_drivers_config.o</name>
      </input_file>
      <input_file id="fl-3">
         <path>E:\Users\vrock\workspace_v12\gpiointerrupt_CC3220S_LAUNCHXL_nortos_ticlang\MCU+Image\.\</path>
         <kind>object</kind>
         <file>main_nortos.o</file>
         <name>main_nortos.o</name>
      </input_file>
      <input_file id="fl-13">
         <path>E:\Users\vrock\workspace_v12\gpiointerrupt_CC3220S_LAUNCHXL_nortos_ticlang\MCU+Image\</path>
         <kind>object</kind>
         <file>&lt;internal&gt;</file>
         <name>&lt;internal&gt;</name>
      </input_file>
      <input_file id="fl-14">
         <path>E:\ti\ccs1250\simplelink_cc32xx_sdk_6_10_00_05\source\ti\drivers\lib\ticlang\m4\</path>
         <kind>archive</kind>
         <file>drivers_cc32xx.a</file>
         <name>GPIO.om4</name>
      </input_file>
      <input_file id="fl-15">
         <path>E:\ti\ccs1250\simplelink_cc32xx_sdk_6_10_00_05\source\ti\drivers\lib\ticlang\m4\</path>
         <kind>archive</kind>
         <file>drivers_cc32xx.a</file>
         <name>I2C.om4</name>
      </input_file>
      <input_file id="fl-16">
         <path>E:\ti\ccs1250\simplelink_cc32xx_sdk_6_10_00_05\source\ti\drivers\lib\ticlang\m4\</path>
         <kind>archive</kind>
         <file>drivers_cc32xx.a</file>
         <name>Timer.om4</name>
      </input_file>
      <input_file id="fl-17">
         <path>E:\ti\ccs1250\simplelink_cc32xx_sdk_6_10_00_05\source\ti\drivers\lib\ticlang\m4\</path>
         <kind>archive</kind>
         <file>drivers_cc32xx.a</file>
         <name>UART.om4</name>
      </input_file>
      <input_file id="fl-18">
         <path>E:\ti\ccs1250\simplelink_cc32xx_sdk_6_10_00_05\source\ti\drivers\lib\ticlang\m4\</path>
         <kind>archive</kind>
         <file>drivers_cc32xx.a</file>
         <name>GPIOCC32XX.om4</name>
      </input_file>
      <input_file id="fl-19">
         <path>E:\ti\ccs1250\simplelink_cc32xx_sdk_6_10_00_05\source\ti\drivers\lib\ticlang\m4\</path>
         <kind>archive</kind>
         <file>drivers_cc32xx.a</file>
         <name>I2CCC32XX.om4</name>
      </input_file>
      <input_file id="fl-1a">
         <path>E:\ti\ccs1250\simplelink_cc32xx_sdk_6_10_00_05\source\ti\drivers\lib\ticlang\m4\</path>
         <kind>archive</kind>
         <file>drivers_cc32xx.a</file>
         <name>PowerCC32XX.om4</name>
      </input_file>
      <input_file id="fl-1b">
         <path>E:\ti\ccs1250\simplelink_cc32xx_sdk_6_10_00_05\source\ti\drivers\lib\ticlang\m4\</path>
         <kind>archive</kind>
         <file>drivers_cc32xx.a</file>
         <name>PowerCC32XX_asm.om4</name>
      </input_file>
      <input_file id="fl-1c">
         <path>E:\ti\ccs1250\simplelink_cc32xx_sdk_6_10_00_05\source\ti\drivers\lib\ticlang\m4\</path>
         <kind>archive</kind>
         <file>drivers_cc32xx.a</file>
         <name>TimerCC32XX.om4</name>
      </input_file>
      <input_file id="fl-1d">
         <path>E:\ti\ccs1250\simplelink_cc32xx_sdk_6_10_00_05\source\ti\drivers\lib\ticlang\m4\</path>
         <kind>archive</kind>
         <file>drivers_cc32xx.a</file>
         <name>UARTCC32XX.om4</name>
      </input_file>
      <input_file id="fl-1e">
         <path>E:\ti\ccs1250\simplelink_cc32xx_sdk_6_10_00_05\source\ti\drivers\lib\ticlang\m4\</path>
         <kind>archive</kind>
         <file>drivers_cc32xx.a</file>
         <name>List.om4</name>
      </input_file>
      <input_file id="fl-1f">
         <path>E:\ti\ccs1250\simplelink_cc32xx_sdk_6_10_00_05\source\ti\drivers\lib\ticlang\m4\</path>
         <kind>archive</kind>
         <file>drivers_cc32xx.a</file>
         <name>RingBuf.om4</name>
      </input_file>
      <input_file id="fl-20">
         <path>E:\ti\ccs1250\simplelink_cc32xx_sdk_6_10_00_05\kernel\nortos\lib\ticlang\m4\</path>
         <kind>archive</kind>
         <file>nortos_cc32xx.a</file>
         <name>NoRTOS.om4</name>
      </input_file>
      <input_file id="fl-21">
         <path>E:\ti\ccs1250\simplelink_cc32xx_sdk_6_10_00_05\kernel\nortos\lib\ticlang\m4\</path>
         <kind>archive</kind>
         <file>nortos_cc32xx.a</file>
         <name>SemaphoreP_nortos.om4</name>
      </input_file>
      <input_file id="fl-22">
         <path>E:\ti\ccs1250\simplelink_cc32xx_sdk_6_10_00_05\kernel\nortos\lib\ticlang\m4\</path>
         <kind>archive</kind>
         <file>nortos_cc32xx.a</file>
         <name>ClockPSysTick_nortos.om4</name>
      </input_file>
      <input_file id="fl-23">
         <path>E:\ti\ccs1250\simplelink_cc32xx_sdk_6_10_00_05\kernel\nortos\lib\ticlang\m4\</path>
         <kind>archive</kind>
         <file>nortos_cc32xx.a</file>
         <name>HwiPCC32XX_nortos.om4</name>
      </input_file>
      <input_file id="fl-24">
         <path>E:\ti\ccs1250\simplelink_cc32xx_sdk_6_10_00_05\kernel\nortos\lib\ticlang\m4\</path>
         <kind>archive</kind>
         <file>nortos_cc32xx.a</file>
         <name>PowerCC32XX_nortos.om4</name>
      </input_file>
      <input_file id="fl-25">
         <path>E:\ti\ccs1250\simplelink_cc32xx_sdk_6_10_00_05\kernel\nortos\lib\ticlang\m4\</path>
         <kind>archive</kind>
         <file>nortos_cc32xx.a</file>
         <name>startup_cc32xx_ticlang.om4</name>
      </input_file>
      <input_file id="fl-26">
         <path>E:\ti\ccs1250\simplelink_cc32xx_sdk_6_10_00_05\kernel\nortos\lib\ticlang\m4\</path>
         <kind>archive</kind>
         <file>nortos_cc32xx.a</file>
         <name>SwiP_nortos.om4</name>
      </input_file>
      <input_file id="fl-27">
         <path>E:\ti\ccs1250\simplelink_cc32xx_sdk_6_10_00_05\kernel\nortos\lib\ticlang\m4\</path>
         <kind>archive</kind>
         <file>nortos_cc32xx.a</file>
         <name>QueueP_nortos.om4</name>
      </input_file>
      <input_file id="fl-28">
         <path>E:\ti\ccs1250\simplelink_cc32xx_sdk_6_10_00_05\source\ti\devices\cc32xx\driverlib\ticlang\Release\</path>
         <kind>archive</kind>
         <file>driverlib.a</file>
         <name>cpu.obj</name>
      </input_file>
      <input_file id="fl-29">
         <path>E:\ti\ccs1250\simplelink_cc32xx_sdk_6_10_00_05\source\ti\devices\cc32xx\driverlib\ticlang\Release\</path>
         <kind>archive</kind>
         <file>driverlib.a</file>
         <name>i2c.obj</name>
      </input_file>
      <input_file id="fl-2a">
         <path>E:\ti\ccs1250\simplelink_cc32xx_sdk_6_10_00_05\source\ti\devices\cc32xx\driverlib\ticlang\Release\</path>
         <kind>archive</kind>
         <file>driverlib.a</file>
         <name>interrupt.obj</name>
      </input_file>
      <input_file id="fl-2b">
         <path>E:\ti\ccs1250\simplelink_cc32xx_sdk_6_10_00_05\source\ti\devices\cc32xx\driverlib\ticlang\Release\</path>
         <kind>archive</kind>
         <file>driverlib.a</file>
         <name>pin.obj</name>
      </input_file>
      <input_file id="fl-2c">
         <path>E:\ti\ccs1250\simplelink_cc32xx_sdk_6_10_00_05\source\ti\devices\cc32xx\driverlib\ticlang\Release\</path>
         <kind>archive</kind>
         <file>driverlib.a</file>
         <name>prcm.obj</name>
      </input_file>
      <input_file id="fl-2d">
         <path>E:\ti\ccs1250\simplelink_cc32xx_sdk_6_10_00_05\source\ti\devices\cc32xx\driverlib\ticlang\Release\</path>
         <kind>archive</kind>
         <file>driverlib.a</file>
         <name>timer.obj</name>
      </input_file>
      <input_file id="fl-2e">
         <path>E:\ti\ccs1250\simplelink_cc32xx_sdk_6_10_00_05\source\ti\devices\cc32xx\driverlib\ticlang\Release\</path>
         <kind>archive</kind>
         <file>driverlib.a</file>
         <name>uart.obj</name>
      </input_file>
      <input_file id="fl-2f">
         <path>E:\ti\ccs1250\simplelink_cc32xx_sdk_6_10_00_05\source\ti\devices\cc32xx\driverlib\ticlang\Release\</path>
         <kind>archive</kind>
         <file>driverlib.a</file>
         <name>utils.obj</name>
      </input_file>
      <input_file id="fl-30">
         <path>E:\ti\ccs1250\simplelink_cc32xx_sdk_6_10_00_05\source\ti\devices\cc32xx\driverlib\ticlang\Release\</path>
         <kind>archive</kind>
         <file>driverlib.a</file>
         <name>flash.obj</name>
      </input_file>
      <input_file id="fl-3d">
         <path>E:\ti\ccs1250\ccs\tools\compiler\ti-cgt-armllvm_3.2.0.LTS\lib\armv7em-ti-none-eabi\c\</path>
         <kind>archive</kind>
         <file>libc.a</file>
         <name>printf.c.obj</name>
      </input_file>
      <input_file id="fl-3e">
         <path>E:\ti\ccs1250\ccs\tools\compiler\ti-cgt-armllvm_3.2.0.LTS\lib\armv7em-ti-none-eabi\c\</path>
         <kind>archive</kind>
         <file>libc.a</file>
         <name>_printfi.c.obj</name>
      </input_file>
      <input_file id="fl-3f">
         <path>E:\ti\ccs1250\ccs\tools\compiler\ti-cgt-armllvm_3.2.0.LTS\lib\armv7em-ti-none-eabi\c\</path>
         <kind>archive</kind>
         <file>libc.a</file>
         <name>snprintf.c.obj</name>
      </input_file>
      <input_file id="fl-40">
         <path>E:\ti\ccs1250\ccs\tools\compiler\ti-cgt-armllvm_3.2.0.LTS\lib\armv7em-ti-none-eabi\c\</path>
         <kind>archive</kind>
         <file>libc.a</file>
         <name>fputc.c.obj</name>
      </input_file>
      <input_file id="fl-41">
         <path>E:\ti\ccs1250\ccs\tools\compiler\ti-cgt-armllvm_3.2.0.LTS\lib\armv7em-ti-none-eabi\c\</path>
         <kind>archive</kind>
         <file>libc.a</file>
         <name>fputs.c.obj</name>
      </input_file>
      <input_file id="fl-42">
         <path>E:\ti\ccs1250\ccs\tools\compiler\ti-cgt-armllvm_3.2.0.LTS\lib\armv7em-ti-none-eabi\c\</path>
         <kind>archive</kind>
         <file>libc.a</file>
         <name>_io_perm.c.obj</name>
      </input_file>
      <input_file id="fl-43">
         <path>E:\ti\ccs1250\ccs\tools\compiler\ti-cgt-armllvm_3.2.0.LTS\lib\armv7em-ti-none-eabi\c\</path>
         <kind>archive</kind>
         <file>libc.a</file>
         <name>setvbuf.c.obj</name>
      </input_file>
      <input_file id="fl-44">
         <path>E:\ti\ccs1250\ccs\tools\compiler\ti-cgt-armllvm_3.2.0.LTS\lib\armv7em-ti-none-eabi\c\</path>
         <kind>archive</kind>
         <file>libc.a</file>
         <name>wcslen.c.obj</name>
      </input_file>
      <input_file id="fl-45">
         <path>E:\ti\ccs1250\ccs\tools\compiler\ti-cgt-armllvm_3.2.0.LTS\lib\armv7em-ti-none-eabi\c\</path>
         <kind>archive</kind>
         <file>libc.a</file>
         <name>aeabi_portable.c.obj</name>
      </input_file>
      <input_file id="fl-46">
         <path>E:\ti\ccs1250\ccs\tools\compiler\ti-cgt-armllvm_3.2.0.LTS\lib\armv7em-ti-none-eabi\c\</path>
         <kind>archive</kind>
         <file>libc.a</file>
         <name>exit.c.obj</name>
      </input_file>
      <input_file id="fl-47">
         <path>E:\ti\ccs1250\ccs\tools\compiler\ti-cgt-armllvm_3.2.0.LTS\lib\armv7em-ti-none-eabi\c\</path>
         <kind>archive</kind>
         <file>libc.a</file>
         <name>_lock.c.obj</name>
      </input_file>
      <input_file id="fl-48">
         <path>E:\ti\ccs1250\ccs\tools\compiler\ti-cgt-armllvm_3.2.0.LTS\lib\armv7em-ti-none-eabi\c\</path>
         <kind>archive</kind>
         <file>libc.a</file>
         <name>_ltoa.c.obj</name>
      </input_file>
      <input_file id="fl-49">
         <path>E:\ti\ccs1250\ccs\tools\compiler\ti-cgt-armllvm_3.2.0.LTS\lib\armv7em-ti-none-eabi\c\</path>
         <kind>archive</kind>
         <file>libc.a</file>
         <name>assert.c.obj</name>
      </input_file>
      <input_file id="fl-4a">
         <path>E:\ti\ccs1250\ccs\tools\compiler\ti-cgt-armllvm_3.2.0.LTS\lib\armv7em-ti-none-eabi\c\</path>
         <kind>archive</kind>
         <file>libc.a</file>
         <name>atoi.c.obj</name>
      </input_file>
      <input_file id="fl-4b">
         <path>E:\ti\ccs1250\ccs\tools\compiler\ti-cgt-armllvm_3.2.0.LTS\lib\armv7em-ti-none-eabi\c\</path>
         <kind>archive</kind>
         <file>libc.a</file>
         <name>defs.c.obj</name>
      </input_file>
      <input_file id="fl-4c">
         <path>E:\ti\ccs1250\ccs\tools\compiler\ti-cgt-armllvm_3.2.0.LTS\lib\armv7em-ti-none-eabi\c\</path>
         <kind>archive</kind>
         <file>libc.a</file>
         <name>memccpy.c.obj</name>
      </input_file>
      <input_file id="fl-4d">
         <path>E:\ti\ccs1250\ccs\tools\compiler\ti-cgt-armllvm_3.2.0.LTS\lib\armv7em-ti-none-eabi\c\</path>
         <kind>archive</kind>
         <file>libc.a</file>
         <name>memory.c.obj</name>
      </input_file>
      <input_file id="fl-4e">
         <path>E:\ti\ccs1250\ccs\tools\compiler\ti-cgt-armllvm_3.2.0.LTS\lib\armv7em-ti-none-eabi\c\</path>
         <kind>archive</kind>
         <file>libc.a</file>
         <name>boot_cortex_m.c.obj</name>
      </input_file>
      <input_file id="fl-4f">
         <path>E:\ti\ccs1250\ccs\tools\compiler\ti-cgt-armllvm_3.2.0.LTS\lib\armv7em-ti-none-eabi\c\</path>
         <kind>archive</kind>
         <file>libc.a</file>
         <name>mathacl_init.c.obj</name>
      </input_file>
      <input_file id="fl-50">
         <path>E:\ti\ccs1250\ccs\tools\compiler\ti-cgt-armllvm_3.2.0.LTS\lib\armv7em-ti-none-eabi\c\</path>
         <kind>archive</kind>
         <file>libc.a</file>
         <name>autoinit.c.obj</name>
      </input_file>
      <input_file id="fl-51">
         <path>E:\ti\ccs1250\ccs\tools\compiler\ti-cgt-armllvm_3.2.0.LTS\lib\armv7em-ti-none-eabi\c\</path>
         <kind>archive</kind>
         <file>libc.a</file>
         <name>pre_init.c.obj</name>
      </input_file>
      <input_file id="fl-52">
         <path>E:\ti\ccs1250\ccs\tools\compiler\ti-cgt-armllvm_3.2.0.LTS\lib\armv7em-ti-none-eabi\c\</path>
         <kind>archive</kind>
         <file>libc.a</file>
         <name>cpy_tbl.c.obj</name>
      </input_file>
      <input_file id="fl-53">
         <path>E:\ti\ccs1250\ccs\tools\compiler\ti-cgt-armllvm_3.2.0.LTS\lib\armv7em-ti-none-eabi\c\</path>
         <kind>archive</kind>
         <file>libc.a</file>
         <name>copy_zero_init.c.obj</name>
      </input_file>
      <input_file id="fl-54">
         <path>E:\ti\ccs1250\ccs\tools\compiler\ti-cgt-armllvm_3.2.0.LTS\lib\armv7em-ti-none-eabi\c\</path>
         <kind>archive</kind>
         <file>libc.a</file>
         <name>copy_decompress_none.c.obj</name>
      </input_file>
      <input_file id="fl-55">
         <path>E:\ti\ccs1250\ccs\tools\compiler\ti-cgt-armllvm_3.2.0.LTS\lib\armv7em-ti-none-eabi\c\</path>
         <kind>archive</kind>
         <file>libc.a</file>
         <name>copy_decompress_lzss.c.obj</name>
      </input_file>
      <input_file id="fl-56">
         <path>E:\ti\ccs1250\ccs\tools\compiler\ti-cgt-armllvm_3.2.0.LTS\lib\armv7em-ti-none-eabi\c\</path>
         <kind>archive</kind>
         <file>libc.a</file>
         <name>s_frexp.c.obj</name>
      </input_file>
      <input_file id="fl-57">
         <path>E:\ti\ccs1250\ccs\tools\compiler\ti-cgt-armllvm_3.2.0.LTS\lib\armv7em-ti-none-eabi\c\</path>
         <kind>archive</kind>
         <file>libc.a</file>
         <name>s_scalbn.c.obj</name>
      </input_file>
      <input_file id="fl-58">
         <path>E:\ti\ccs1250\ccs\tools\compiler\ti-cgt-armllvm_3.2.0.LTS\lib\armv7em-ti-none-eabi\c\</path>
         <kind>archive</kind>
         <file>libc.a</file>
         <name>sprintf.c.obj</name>
      </input_file>
      <input_file id="fl-59">
         <path>E:\ti\ccs1250\ccs\tools\compiler\ti-cgt-armllvm_3.2.0.LTS\lib\armv7em-ti-none-eabi\c\</path>
         <kind>archive</kind>
         <file>libc.a</file>
         <name>fflush.c.obj</name>
      </input_file>
      <input_file id="fl-5a">
         <path>E:\ti\ccs1250\ccs\tools\compiler\ti-cgt-armllvm_3.2.0.LTS\lib\armv7em-ti-none-eabi\c\</path>
         <kind>archive</kind>
         <file>libc.a</file>
         <name>fopen.c.obj</name>
      </input_file>
      <input_file id="fl-5b">
         <path>E:\ti\ccs1250\ccs\tools\compiler\ti-cgt-armllvm_3.2.0.LTS\lib\armv7em-ti-none-eabi\c\</path>
         <kind>archive</kind>
         <file>libc.a</file>
         <name>fseek.c.obj</name>
      </input_file>
      <input_file id="fl-5c">
         <path>E:\ti\ccs1250\ccs\tools\compiler\ti-cgt-armllvm_3.2.0.LTS\lib\armv7em-ti-none-eabi\c\</path>
         <kind>archive</kind>
         <file>libc.a</file>
         <name>aeabi_ctype.S.obj</name>
      </input_file>
      <input_file id="fl-5d">
         <path>E:\ti\ccs1250\ccs\tools\compiler\ti-cgt-armllvm_3.2.0.LTS\lib\armv7em-ti-none-eabi\c\</path>
         <kind>archive</kind>
         <file>libc.a</file>
         <name>args_main.c.obj</name>
      </input_file>
      <input_file id="fl-5e">
         <path>E:\ti\ccs1250\ccs\tools\compiler\ti-cgt-armllvm_3.2.0.LTS\lib\armv7em-ti-none-eabi\c\</path>
         <kind>archive</kind>
         <file>libc.a</file>
         <name>fclose.c.obj</name>
      </input_file>
      <input_file id="fl-c2">
         <path>E:\ti\ccs1250\ccs\tools\compiler\ti-cgt-armllvm_3.2.0.LTS\lib\armv7em-ti-none-eabi\c\</path>
         <kind>archive</kind>
         <file>libsysbm.a</file>
         <name>write.c.obj</name>
      </input_file>
      <input_file id="fl-c3">
         <path>E:\ti\ccs1250\ccs\tools\compiler\ti-cgt-armllvm_3.2.0.LTS\lib\armv7em-ti-none-eabi\c\</path>
         <kind>archive</kind>
         <file>libsysbm.a</file>
         <name>host_device.c.obj</name>
      </input_file>
      <input_file id="fl-c4">
         <path>E:\ti\ccs1250\ccs\tools\compiler\ti-cgt-armllvm_3.2.0.LTS\lib\armv7em-ti-none-eabi\c\</path>
         <kind>archive</kind>
         <file>libsysbm.a</file>
         <name>remove.c.obj</name>
      </input_file>
      <input_file id="fl-c5">
         <path>E:\ti\ccs1250\ccs\tools\compiler\ti-cgt-armllvm_3.2.0.LTS\lib\armv7em-ti-none-eabi\c\</path>
         <kind>archive</kind>
         <file>libsysbm.a</file>
         <name>open.c.obj</name>
      </input_file>
      <input_file id="fl-c6">
         <path>E:\ti\ccs1250\ccs\tools\compiler\ti-cgt-armllvm_3.2.0.LTS\lib\armv7em-ti-none-eabi\c\</path>
         <kind>archive</kind>
         <file>libsysbm.a</file>
         <name>lseek.c.obj</name>
      </input_file>
      <input_file id="fl-c7">
         <path>E:\ti\ccs1250\ccs\tools\compiler\ti-cgt-armllvm_3.2.0.LTS\lib\armv7em-ti-none-eabi\c\</path>
         <kind>archive</kind>
         <file>libsysbm.a</file>
         <name>close.c.obj</name>
      </input_file>
      <input_file id="fl-c8">
         <path>E:\ti\ccs1250\ccs\tools\compiler\ti-cgt-armllvm_3.2.0.LTS\lib\armv7em-ti-none-eabi\c\</path>
         <kind>archive</kind>
         <file>libsysbm.a</file>
         <name>unlink.c.obj</name>
      </input_file>
      <input_file id="fl-c9">
         <path>E:\ti\ccs1250\ccs\tools\compiler\ti-cgt-armllvm_3.2.0.LTS\lib\armv7em-ti-none-eabi\c\</path>
         <kind>archive</kind>
         <file>libsysbm.a</file>
         <name>hostclose.c.obj</name>
      </input_file>
      <input_file id="fl-ca">
         <path>E:\ti\ccs1250\ccs\tools\compiler\ti-cgt-armllvm_3.2.0.LTS\lib\armv7em-ti-none-eabi\c\</path>
         <kind>archive</kind>
         <file>libsysbm.a</file>
         <name>hostlseek.c.obj</name>
      </input_file>
      <input_file id="fl-cb">
         <path>E:\ti\ccs1250\ccs\tools\compiler\ti-cgt-armllvm_3.2.0.LTS\lib\armv7em-ti-none-eabi\c\</path>
         <kind>archive</kind>
         <file>libsysbm.a</file>
         <name>hostopen.c.obj</name>
      </input_file>
      <input_file id="fl-cc">
         <path>E:\ti\ccs1250\ccs\tools\compiler\ti-cgt-armllvm_3.2.0.LTS\lib\armv7em-ti-none-eabi\c\</path>
         <kind>archive</kind>
         <file>libsysbm.a</file>
         <name>hostread.c.obj</name>
      </input_file>
      <input_file id="fl-cd">
         <path>E:\ti\ccs1250\ccs\tools\compiler\ti-cgt-armllvm_3.2.0.LTS\lib\armv7em-ti-none-eabi\c\</path>
         <kind>archive</kind>
         <file>libsysbm.a</file>
         <name>hostrename.c.obj</name>
      </input_file>
      <input_file id="fl-ce">
         <path>E:\ti\ccs1250\ccs\tools\compiler\ti-cgt-armllvm_3.2.0.LTS\lib\armv7em-ti-none-eabi\c\</path>
         <kind>archive</kind>
         <file>libsysbm.a</file>
         <name>hostunlink.c.obj</name>
      </input_file>
      <input_file id="fl-cf">
         <path>E:\ti\ccs1250\ccs\tools\compiler\ti-cgt-armllvm_3.2.0.LTS\lib\armv7em-ti-none-eabi\c\</path>
         <kind>archive</kind>
         <file>libsysbm.a</file>
         <name>hostwrite.c.obj</name>
      </input_file>
      <input_file id="fl-d0">
         <path>E:\ti\ccs1250\ccs\tools\compiler\ti-cgt-armllvm_3.2.0.LTS\lib\armv7em-ti-none-eabi\c\</path>
         <kind>archive</kind>
         <file>libsysbm.a</file>
         <name>trgmsg.c.obj</name>
      </input_file>
      <input_file id="fl-d1">
         <path>E:\ti\ccs1250\ccs\tools\compiler\ti-cgt-armllvm_3.2.0.LTS\lib\clang\15.0.7\lib\armv7em-ti-none-eabi\</path>
         <kind>archive</kind>
         <file>libclang_rt.builtins.a</file>
         <name>adddf3.S.obj</name>
      </input_file>
      <input_file id="fl-d2">
         <path>E:\ti\ccs1250\ccs\tools\compiler\ti-cgt-armllvm_3.2.0.LTS\lib\clang\15.0.7\lib\armv7em-ti-none-eabi\</path>
         <kind>archive</kind>
         <file>libclang_rt.builtins.a</file>
         <name>muldf3.S.obj</name>
      </input_file>
      <input_file id="fl-d3">
         <path>E:\ti\ccs1250\ccs\tools\compiler\ti-cgt-armllvm_3.2.0.LTS\lib\clang\15.0.7\lib\armv7em-ti-none-eabi\</path>
         <kind>archive</kind>
         <file>libclang_rt.builtins.a</file>
         <name>divdf3.S.obj</name>
      </input_file>
      <input_file id="fl-d4">
         <path>E:\ti\ccs1250\ccs\tools\compiler\ti-cgt-armllvm_3.2.0.LTS\lib\clang\15.0.7\lib\armv7em-ti-none-eabi\</path>
         <kind>archive</kind>
         <file>libclang_rt.builtins.a</file>
         <name>fixdfsi.S.obj</name>
      </input_file>
      <input_file id="fl-d5">
         <path>E:\ti\ccs1250\ccs\tools\compiler\ti-cgt-armllvm_3.2.0.LTS\lib\clang\15.0.7\lib\armv7em-ti-none-eabi\</path>
         <kind>archive</kind>
         <file>libclang_rt.builtins.a</file>
         <name>floatsidf.S.obj</name>
      </input_file>
      <input_file id="fl-d6">
         <path>E:\ti\ccs1250\ccs\tools\compiler\ti-cgt-armllvm_3.2.0.LTS\lib\clang\15.0.7\lib\armv7em-ti-none-eabi\</path>
         <kind>archive</kind>
         <file>libclang_rt.builtins.a</file>
         <name>aeabi_dcmp.S.obj</name>
      </input_file>
      <input_file id="fl-d7">
         <path>E:\ti\ccs1250\ccs\tools\compiler\ti-cgt-armllvm_3.2.0.LTS\lib\clang\15.0.7\lib\armv7em-ti-none-eabi\</path>
         <kind>archive</kind>
         <file>libclang_rt.builtins.a</file>
         <name>aeabi_memcpy.S.obj</name>
      </input_file>
      <input_file id="fl-d8">
         <path>E:\ti\ccs1250\ccs\tools\compiler\ti-cgt-armllvm_3.2.0.LTS\lib\clang\15.0.7\lib\armv7em-ti-none-eabi\</path>
         <kind>archive</kind>
         <file>libclang_rt.builtins.a</file>
         <name>aeabi_memset.S.obj</name>
      </input_file>
      <input_file id="fl-d9">
         <path>E:\ti\ccs1250\ccs\tools\compiler\ti-cgt-armllvm_3.2.0.LTS\lib\clang\15.0.7\lib\armv7em-ti-none-eabi\</path>
         <kind>archive</kind>
         <file>libclang_rt.builtins.a</file>
         <name>aeabi_uldivmod.S.obj</name>
      </input_file>
      <input_file id="fl-da">
         <path>E:\ti\ccs1250\ccs\tools\compiler\ti-cgt-armllvm_3.2.0.LTS\lib\clang\15.0.7\lib\armv7em-ti-none-eabi\</path>
         <kind>archive</kind>
         <file>libclang_rt.builtins.a</file>
         <name>udivmoddi4.S.obj</name>
      </input_file>
      <input_file id="fl-db">
         <path>E:\ti\ccs1250\ccs\tools\compiler\ti-cgt-armllvm_3.2.0.LTS\lib\clang\15.0.7\lib\armv7em-ti-none-eabi\</path>
         <kind>archive</kind>
         <file>libclang_rt.builtins.a</file>
         <name>comparedf2.c.obj</name>
      </input_file>
      <input_file id="fl-dc">
         <path>E:\ti\ccs1250\ccs\tools\compiler\ti-cgt-armllvm_3.2.0.LTS\lib\clang\15.0.7\lib\armv7em-ti-none-eabi\</path>
         <kind>archive</kind>
         <file>libclang_rt.builtins.a</file>
         <name>aeabi_div0.c.obj</name>
      </input_file>
      <input_file id="fl-dd">
         <path>E:\ti\ccs1250\ccs\tools\compiler\ti-cgt-armllvm_3.2.0.LTS\lib\armv7em-ti-none-eabi\c\</path>
         <kind>archive</kind>
         <file>libc.a</file>
         <name>getdevice.c.obj</name>
      </input_file>
      <input_file id="fl-de">
         <path>E:\ti\ccs1250\ccs\tools\compiler\ti-cgt-armllvm_3.2.0.LTS\lib\armv7em-ti-none-eabi\c\</path>
         <kind>archive</kind>
         <file>libc.a</file>
         <name>strcmp_t2.S.obj</name>
      </input_file>
      <input_file id="fl-df">
         <path>E:\ti\ccs1250\ccs\tools\compiler\ti-cgt-armllvm_3.2.0.LTS\lib\armv7em-ti-none-eabi\c\</path>
         <kind>archive</kind>
         <file>libc.a</file>
         <name>memcpy_t2.S.obj</name>
      </input_file>
      <input_file id="fl-e0">
         <path>E:\ti\ccs1250\ccs\tools\compiler\ti-cgt-armllvm_3.2.0.LTS\lib\armv7em-ti-none-eabi\c\</path>
         <kind>archive</kind>
         <file>libc.a</file>
         <name>memset_t2.S.obj</name>
      </input_file>
   </input_file_list>
   <object_component_list>
      <object_component id="oc-242">
         <name>.text:__TI_printfi_nofloat</name>
         <load_address>0x2000c040</load_address>
         <readonly>true</readonly>
         <executable>true</executable>
         <run_address>0x2000c040</run_address>
         <size>0x86c</size>
         <alignment>0x4</alignment>
         <input_file_ref idref="fl-3e"/>
      </object_component>
      <object_component id="oc-d0">
         <name>.text.PRCMCC3200MCUInit</name>
         <load_address>0x2000c8ac</load_address>
         <readonly>true</readonly>
         <executable>true</executable>
         <run_address>0x2000c8ac</run_address>
         <size>0x4b8</size>
         <alignment>0x2</alignment>
         <input_file_ref idref="fl-2c"/>
      </object_component>
      <object_component id="oc-21a">
         <name>.text.Power_sleep</name>
         <load_address>0x2000cd64</load_address>
         <readonly>true</readonly>
         <executable>true</executable>
         <run_address>0x2000cd64</run_address>
         <size>0x410</size>
         <alignment>0x4</alignment>
         <input_file_ref idref="fl-1a"/>
      </object_component>
      <object_component id="oc-1cf">
         <name>.text.I2CCC32XX_postNotify</name>
         <load_address>0x2000d174</load_address>
         <readonly>true</readonly>
         <executable>true</executable>
         <run_address>0x2000d174</run_address>
         <size>0xc</size>
         <alignment>0x2</alignment>
         <input_file_ref idref="fl-19"/>
      </object_component>
      <object_component id="oc-3ec">
         <name>.text:strcmp</name>
         <load_address>0x2000d180</load_address>
         <readonly>true</readonly>
         <executable>true</executable>
         <run_address>0x2000d180</run_address>
         <size>0x2dc</size>
         <alignment>0x20</alignment>
         <input_file_ref idref="fl-de"/>
      </object_component>
      <object_component id="oc-296">
         <name>.text.UARTCC32XX_open</name>
         <load_address>0x2000d45c</load_address>
         <readonly>true</readonly>
         <executable>true</executable>
         <run_address>0x2000d45c</run_address>
         <size>0x234</size>
         <alignment>0x4</alignment>
         <input_file_ref idref="fl-1d"/>
      </object_component>
      <object_component id="oc-1a5">
         <name>.text.PowerCC32XX_sleepPolicy</name>
         <load_address>0x2000d690</load_address>
         <readonly>true</readonly>
         <executable>true</executable>
         <run_address>0x2000d690</run_address>
         <size>0x16c</size>
         <alignment>0x4</alignment>
         <input_file_ref idref="fl-24"/>
      </object_component>
      <object_component id="oc-ec">
         <name>.text.initI2C</name>
         <load_address>0x2000d7fc</load_address>
         <readonly>true</readonly>
         <executable>true</executable>
         <run_address>0x2000d7fc</run_address>
         <size>0x16c</size>
         <alignment>0x4</alignment>
         <input_file_ref idref="fl-1"/>
      </object_component>
      <object_component id="oc-f7">
         <name>.text.GPIO_setConfig</name>
         <load_address>0x2000d968</load_address>
         <readonly>true</readonly>
         <executable>true</executable>
         <run_address>0x2000d968</run_address>
         <size>0x15c</size>
         <alignment>0x4</alignment>
         <input_file_ref idref="fl-18"/>
      </object_component>
      <object_component id="oc-169">
         <name>.text.Timer_open</name>
         <load_address>0x2000dac4</load_address>
         <readonly>true</readonly>
         <executable>true</executable>
         <run_address>0x2000dac4</run_address>
         <size>0x148</size>
         <alignment>0x4</alignment>
         <input_file_ref idref="fl-1c"/>
      </object_component>
      <object_component id="oc-1d0">
         <name>.text.I2CCC32XX_hwiFxn</name>
         <load_address>0x2000dc0c</load_address>
         <readonly>true</readonly>
         <executable>true</executable>
         <run_address>0x2000dc0c</run_address>
         <size>0x138</size>
         <alignment>0x2</alignment>
         <input_file_ref idref="fl-19"/>
      </object_component>
      <object_component id="oc-1d9">
         <name>.text.I2C_transferTimeout</name>
         <load_address>0x2000dd44</load_address>
         <readonly>true</readonly>
         <executable>true</executable>
         <run_address>0x2000dd44</run_address>
         <size>0x126</size>
         <alignment>0x2</alignment>
         <input_file_ref idref="fl-15"/>
      </object_component>
      <object_component id="oc-e0">
         <name>.text.Board_initHook</name>
         <load_address>0x2000de6a</load_address>
         <readonly>true</readonly>
         <executable>true</executable>
         <run_address>0x2000de6a</run_address>
         <size>0x2</size>
         <alignment>0x2</alignment>
         <input_file_ref idref="fl-2"/>
      </object_component>
      <object_component id="oc-27b">
         <name>.text.aligned_alloc</name>
         <load_address>0x2000de6c</load_address>
         <readonly>true</readonly>
         <executable>true</executable>
         <run_address>0x2000de6c</run_address>
         <size>0x120</size>
         <alignment>0x4</alignment>
         <input_file_ref idref="fl-4d"/>
      </object_component>
      <object_component id="oc-1f1">
         <name>.text.__muldf3</name>
         <load_address>0x2000df8c</load_address>
         <readonly>true</readonly>
         <executable>true</executable>
         <run_address>0x2000df8c</run_address>
         <size>0xfc</size>
         <alignment>0x4</alignment>
         <input_file_ref idref="fl-d2"/>
      </object_component>
      <object_component id="oc-147">
         <name>.text.I2C_open</name>
         <load_address>0x2000e088</load_address>
         <readonly>true</readonly>
         <executable>true</executable>
         <run_address>0x2000e088</run_address>
         <size>0xf4</size>
         <alignment>0x4</alignment>
         <input_file_ref idref="fl-19"/>
      </object_component>
      <object_component id="oc-202">
         <name>.text.fputs</name>
         <load_address>0x2000e17c</load_address>
         <readonly>true</readonly>
         <executable>true</executable>
         <run_address>0x2000e17c</run_address>
         <size>0xf0</size>
         <alignment>0x4</alignment>
         <input_file_ref idref="fl-41"/>
      </object_component>
      <object_component id="oc-1ac">
         <name>.text.free</name>
         <load_address>0x2000e26c</load_address>
         <readonly>true</readonly>
         <executable>true</executable>
         <run_address>0x2000e26c</run_address>
         <size>0xf0</size>
         <alignment>0x4</alignment>
         <input_file_ref idref="fl-4d"/>
      </object_component>
      <object_component id="oc-28f">
         <name>.text.UARTCC32XX_close</name>
         <load_address>0x2000e35c</load_address>
         <readonly>true</readonly>
         <executable>true</executable>
         <run_address>0x2000e35c</run_address>
         <size>0xe8</size>
         <alignment>0x4</alignment>
         <input_file_ref idref="fl-1d"/>
      </object_component>
      <object_component id="oc-29a">
         <name>.text.UARTCC32XX_write</name>
         <load_address>0x2000e444</load_address>
         <readonly>true</readonly>
         <executable>true</executable>
         <run_address>0x2000e444</run_address>
         <size>0xe2</size>
         <alignment>0x2</alignment>
         <input_file_ref idref="fl-1d"/>
      </object_component>
      <object_component id="oc-141">
         <name>.text.I2C_init</name>
         <load_address>0x2000e526</load_address>
         <readonly>true</readonly>
         <executable>true</executable>
         <run_address>0x2000e526</run_address>
         <size>0x2</size>
         <alignment>0x2</alignment>
         <input_file_ref idref="fl-15"/>
      </object_component>
      <object_component id="oc-2d8">
         <name>.text.setvbuf</name>
         <load_address>0x2000e528</load_address>
         <readonly>true</readonly>
         <executable>true</executable>
         <run_address>0x2000e528</run_address>
         <size>0xd8</size>
         <alignment>0x4</alignment>
         <input_file_ref idref="fl-43"/>
      </object_component>
      <object_component id="oc-294">
         <name>.text.UARTCC32XX_control</name>
         <load_address>0x2000e600</load_address>
         <readonly>true</readonly>
         <executable>true</executable>
         <run_address>0x2000e600</run_address>
         <size>0xbc</size>
         <alignment>0x4</alignment>
         <input_file_ref idref="fl-1d"/>
      </object_component>
      <object_component id="oc-367">
         <name>.text.readTaskCallback</name>
         <load_address>0x2000e6bc</load_address>
         <readonly>true</readonly>
         <executable>true</executable>
         <run_address>0x2000e6bc</run_address>
         <size>0xb2</size>
         <alignment>0x2</alignment>
         <input_file_ref idref="fl-1d"/>
      </object_component>
      <object_component id="oc-1a0">
         <name>.text.PowerCC32XX_initPolicy</name>
         <load_address>0x2000e76e</load_address>
         <readonly>true</readonly>
         <executable>true</executable>
         <run_address>0x2000e76e</run_address>
         <size>0x2</size>
         <alignment>0x2</alignment>
         <input_file_ref idref="fl-24"/>
      </object_component>
      <object_component id="oc-280">
         <name>.text</name>
         <load_address>0x2000e770</load_address>
         <readonly>true</readonly>
         <executable>true</executable>
         <run_address>0x2000e770</run_address>
         <size>0xb0</size>
         <alignment>0x4</alignment>
         <input_file_ref idref="fl-da"/>
      </object_component>
      <object_component id="oc-364">
         <name>.text.readTaskBlocking</name>
         <load_address>0x2000e820</load_address>
         <readonly>true</readonly>
         <executable>true</executable>
         <run_address>0x2000e820</run_address>
         <size>0xac</size>
         <alignment>0x2</alignment>
         <input_file_ref idref="fl-1d"/>
      </object_component>
      <object_component id="oc-365">
         <name>.text.readIsrTextBlocking</name>
         <load_address>0x2000e8cc</load_address>
         <readonly>true</readonly>
         <executable>true</executable>
         <run_address>0x2000e8cc</run_address>
         <size>0xaa</size>
         <alignment>0x2</alignment>
         <input_file_ref idref="fl-1d"/>
      </object_component>
      <object_component id="oc-314">
         <name>.text.writeData</name>
         <load_address>0x2000e976</load_address>
         <readonly>true</readonly>
         <executable>true</executable>
         <run_address>0x2000e976</run_address>
         <size>0xa8</size>
         <alignment>0x2</alignment>
         <input_file_ref idref="fl-1d"/>
      </object_component>
      <object_component id="oc-298">
         <name>.text.UARTCC32XX_readPolling</name>
         <load_address>0x2000ea1e</load_address>
         <readonly>true</readonly>
         <executable>true</executable>
         <run_address>0x2000ea1e</run_address>
         <size>0xa6</size>
         <alignment>0x2</alignment>
         <input_file_ref idref="fl-1d"/>
      </object_component>
      <object_component id="oc-2f5">
         <name>.text.IntPendSet</name>
         <load_address>0x2000eac4</load_address>
         <readonly>true</readonly>
         <executable>true</executable>
         <run_address>0x2000eac4</run_address>
         <size>0xa4</size>
         <alignment>0x2</alignment>
         <input_file_ref idref="fl-2a"/>
      </object_component>
      <object_component id="oc-189">
         <name>.text.PinConfigSet</name>
         <load_address>0x2000eb68</load_address>
         <readonly>true</readonly>
         <executable>true</executable>
         <run_address>0x2000eb68</run_address>
         <size>0xa2</size>
         <alignment>0x2</alignment>
         <input_file_ref idref="fl-2b"/>
      </object_component>
      <object_component id="oc-23b">
         <name>.text.I2CCC32XX_completeTransfer</name>
         <load_address>0x2000ec0a</load_address>
         <readonly>true</readonly>
         <executable>true</executable>
         <run_address>0x2000ec0a</run_address>
         <size>0x9c</size>
         <alignment>0x2</alignment>
         <input_file_ref idref="fl-19"/>
      </object_component>
      <object_component id="oc-368">
         <name>.text.readIsrTextCallback</name>
         <load_address>0x2000eca6</load_address>
         <readonly>true</readonly>
         <executable>true</executable>
         <run_address>0x2000eca6</run_address>
         <size>0x9c</size>
         <alignment>0x2</alignment>
         <input_file_ref idref="fl-1d"/>
      </object_component>
      <object_component id="oc-127">
         <name>.text.HwiP_disable</name>
         <load_address>0x2000ed42</load_address>
         <readonly>true</readonly>
         <executable>true</executable>
         <run_address>0x2000ed42</run_address>
         <size>0xe</size>
         <alignment>0x2</alignment>
         <input_file_ref idref="fl-23"/>
      </object_component>
      <object_component id="oc-288">
         <name>.text</name>
         <load_address>0x2000ed50</load_address>
         <readonly>true</readonly>
         <executable>true</executable>
         <run_address>0x2000ed50</run_address>
         <size>0x96</size>
         <alignment>0x10</alignment>
         <input_file_ref idref="fl-1b"/>
      </object_component>
      <object_component id="oc-24f">
         <name>.text.SemaphoreP_destruct</name>
         <load_address>0x2000ede6</load_address>
         <readonly>true</readonly>
         <executable>true</executable>
         <run_address>0x2000ede6</run_address>
         <size>0x2</size>
         <alignment>0x2</alignment>
         <input_file_ref idref="fl-21"/>
      </object_component>
      <object_component id="oc-11b">
         <name>.text.PowerCC32XX_configureWakeup</name>
         <load_address>0x2000ede8</load_address>
         <readonly>true</readonly>
         <executable>true</executable>
         <run_address>0x2000ede8</run_address>
         <size>0x94</size>
         <alignment>0x4</alignment>
         <input_file_ref idref="fl-1a"/>
      </object_component>
      <object_component id="oc-12b">
         <name>.text.SemaphoreP_pend</name>
         <load_address>0x2000ee7c</load_address>
         <readonly>true</readonly>
         <executable>true</executable>
         <run_address>0x2000ee7c</run_address>
         <size>0x94</size>
         <alignment>0x4</alignment>
         <input_file_ref idref="fl-21"/>
      </object_component>
      <object_component id="oc-ae">
         <name>.text.mainThread</name>
         <load_address>0x2000ef10</load_address>
         <readonly>true</readonly>
         <executable>true</executable>
         <run_address>0x2000ef10</run_address>
         <size>0x94</size>
         <alignment>0x4</alignment>
         <input_file_ref idref="fl-1"/>
      </object_component>
      <object_component id="oc-109">
         <name>.text.PRCMSysResetCauseGet</name>
         <load_address>0x2000efa4</load_address>
         <readonly>true</readonly>
         <executable>true</executable>
         <run_address>0x2000efa4</run_address>
         <size>0x8e</size>
         <alignment>0x2</alignment>
         <input_file_ref idref="fl-2c"/>
      </object_component>
      <object_component id="oc-162">
         <name>.text.Timer_init</name>
         <load_address>0x2000f032</load_address>
         <readonly>true</readonly>
         <executable>true</executable>
         <run_address>0x2000f032</run_address>
         <size>0x2</size>
         <alignment>0x2</alignment>
         <input_file_ref idref="fl-16"/>
      </object_component>
      <object_component id="oc-307">
         <name>.text.initHw</name>
         <load_address>0x2000f034</load_address>
         <readonly>true</readonly>
         <executable>true</executable>
         <run_address>0x2000f034</run_address>
         <size>0x8c</size>
         <alignment>0x4</alignment>
         <input_file_ref idref="fl-1d"/>
      </object_component>
      <object_component id="oc-265">
         <name>.text.fputc</name>
         <load_address>0x2000f0c0</load_address>
         <readonly>true</readonly>
         <executable>true</executable>
         <run_address>0x2000f0c0</run_address>
         <size>0x88</size>
         <alignment>0x4</alignment>
         <input_file_ref idref="fl-40"/>
      </object_component>
      <object_component id="oc-176">
         <name>.text.readTemp</name>
         <load_address>0x2000f148</load_address>
         <readonly>true</readonly>
         <executable>true</executable>
         <run_address>0x2000f148</run_address>
         <size>0x88</size>
         <alignment>0x4</alignment>
         <input_file_ref idref="fl-1"/>
      </object_component>
      <object_component id="oc-da">
         <name>.text.GPIO_init</name>
         <load_address>0x2000f1d0</load_address>
         <readonly>true</readonly>
         <executable>true</executable>
         <run_address>0x2000f1d0</run_address>
         <size>0x84</size>
         <alignment>0x4</alignment>
         <input_file_ref idref="fl-18"/>
      </object_component>
      <object_component id="oc-1cb">
         <name>.text.I2CCC32XX_initHw</name>
         <load_address>0x2000f254</load_address>
         <readonly>true</readonly>
         <executable>true</executable>
         <run_address>0x2000f254</run_address>
         <size>0x80</size>
         <alignment>0x4</alignment>
         <input_file_ref idref="fl-19"/>
      </object_component>
      <object_component id="oc-1c9">
         <name>.text.HwiP_construct</name>
         <load_address>0x2000f2d4</load_address>
         <readonly>true</readonly>
         <executable>true</executable>
         <run_address>0x2000f2d4</run_address>
         <size>0x7c</size>
         <alignment>0x4</alignment>
         <input_file_ref idref="fl-23"/>
      </object_component>
      <object_component id="oc-363">
         <name>.text.readIsrBinaryBlocking</name>
         <load_address>0x2000f350</load_address>
         <readonly>true</readonly>
         <executable>true</executable>
         <run_address>0x2000f350</run_address>
         <size>0x7c</size>
         <alignment>0x2</alignment>
         <input_file_ref idref="fl-1d"/>
      </object_component>
      <object_component id="oc-238">
         <name>.text.I2CCC32XX_primeReadBurst</name>
         <load_address>0x2000f3cc</load_address>
         <readonly>true</readonly>
         <executable>true</executable>
         <run_address>0x2000f3cc</run_address>
         <size>0x7a</size>
         <alignment>0x2</alignment>
         <input_file_ref idref="fl-19"/>
      </object_component>
      <object_component id="oc-295">
         <name>.text.UARTCC32XX_init</name>
         <load_address>0x2000f446</load_address>
         <readonly>true</readonly>
         <executable>true</executable>
         <run_address>0x2000f446</run_address>
         <size>0x2</size>
         <alignment>0x2</alignment>
         <input_file_ref idref="fl-1d"/>
      </object_component>
      <object_component id="oc-d5">
         <name>.text.Power_init</name>
         <load_address>0x2000f448</load_address>
         <readonly>true</readonly>
         <executable>true</executable>
         <run_address>0x2000f448</run_address>
         <size>0x78</size>
         <alignment>0x4</alignment>
         <input_file_ref idref="fl-1a"/>
      </object_component>
      <object_component id="oc-f6">
         <name>.text.LED_check_print</name>
         <load_address>0x2000f4c0</load_address>
         <readonly>true</readonly>
         <executable>true</executable>
         <run_address>0x2000f4c0</run_address>
         <size>0x74</size>
         <alignment>0x4</alignment>
         <input_file_ref idref="fl-1"/>
      </object_component>
      <object_component id="oc-18a">
         <name>.text.Power_setDependency</name>
         <load_address>0x2000f534</load_address>
         <readonly>true</readonly>
         <executable>true</executable>
         <run_address>0x2000f534</run_address>
         <size>0x74</size>
         <alignment>0x4</alignment>
         <input_file_ref idref="fl-1a"/>
      </object_component>
      <object_component id="oc-37d">
         <name>.text.__TI_closefile</name>
         <load_address>0x2000f5a8</load_address>
         <readonly>true</readonly>
         <executable>true</executable>
         <run_address>0x2000f5a8</run_address>
         <size>0x74</size>
         <alignment>0x4</alignment>
         <input_file_ref idref="fl-5e"/>
      </object_component>
      <object_component id="oc-366">
         <name>.text.readIsrBinaryCallback</name>
         <load_address>0x2000f61c</load_address>
         <readonly>true</readonly>
         <executable>true</executable>
         <run_address>0x2000f61c</run_address>
         <size>0x70</size>
         <alignment>0x2</alignment>
         <input_file_ref idref="fl-1d"/>
      </object_component>
      <object_component id="oc-16">
         <name>.text:decompress:lzss</name>
         <load_address>0x2000f68c</load_address>
         <readonly>true</readonly>
         <executable>true</executable>
         <run_address>0x2000f68c</run_address>
         <size>0x70</size>
         <alignment>0x2</alignment>
         <input_file_ref idref="fl-55"/>
      </object_component>
      <object_component id="oc-132">
         <name>.text.powerNotifyFxn</name>
         <load_address>0x2000f6fc</load_address>
         <readonly>true</readonly>
         <executable>true</executable>
         <run_address>0x2000f6fc</run_address>
         <size>0x6c</size>
         <alignment>0x4</alignment>
         <input_file_ref idref="fl-18"/>
      </object_component>
      <object_component id="oc-2e5">
         <name>.text.split</name>
         <load_address>0x2000f768</load_address>
         <readonly>true</readonly>
         <executable>true</executable>
         <run_address>0x2000f768</run_address>
         <size>0x6c</size>
         <alignment>0x4</alignment>
         <input_file_ref idref="fl-4d"/>
      </object_component>
      <object_component id="oc-111">
         <name>.text.PRCMPeripheralReset</name>
         <load_address>0x2000f7d4</load_address>
         <readonly>true</readonly>
         <executable>true</executable>
         <run_address>0x2000f7d4</run_address>
         <size>0x6a</size>
         <alignment>0x2</alignment>
         <input_file_ref idref="fl-2c"/>
      </object_component>
      <object_component id="oc-2e8">
         <name>.text.__aeabi_ldiv0</name>
         <load_address>0x2000f83e</load_address>
         <readonly>true</readonly>
         <executable>true</executable>
         <run_address>0x2000f83e</run_address>
         <size>0x2</size>
         <alignment>0x2</alignment>
         <input_file_ref idref="fl-dc"/>
      </object_component>
      <object_component id="oc-347">
         <name>.text.fseeko</name>
         <load_address>0x2000f840</load_address>
         <readonly>true</readonly>
         <executable>true</executable>
         <run_address>0x2000f840</run_address>
         <size>0x68</size>
         <alignment>0x4</alignment>
         <input_file_ref idref="fl-5b"/>
      </object_component>
      <object_component id="oc-3e0">
         <name>.text.getdevice</name>
         <load_address>0x2000f8a8</load_address>
         <readonly>true</readonly>
         <executable>true</executable>
         <run_address>0x2000f8a8</run_address>
         <size>0x68</size>
         <alignment>0x4</alignment>
         <input_file_ref idref="fl-dd"/>
      </object_component>
      <object_component id="oc-239">
         <name>.text.I2CCC32XX_primeWriteBurst</name>
         <load_address>0x2000f910</load_address>
         <readonly>true</readonly>
         <executable>true</executable>
         <run_address>0x2000f910</run_address>
         <size>0x66</size>
         <alignment>0x2</alignment>
         <input_file_ref idref="fl-19"/>
      </object_component>
      <object_component id="oc-30a">
         <name>.text.UARTCC32XX_hwiIntFxn</name>
         <load_address>0x2000f976</load_address>
         <readonly>true</readonly>
         <executable>true</executable>
         <run_address>0x2000f976</run_address>
         <size>0x66</size>
         <alignment>0x2</alignment>
         <input_file_ref idref="fl-1d"/>
      </object_component>
      <object_component id="oc-39e">
         <name>.text.HOSTrename</name>
         <load_address>0x2000f9dc</load_address>
         <readonly>true</readonly>
         <executable>true</executable>
         <run_address>0x2000f9dc</run_address>
         <size>0x64</size>
         <alignment>0x4</alignment>
         <input_file_ref idref="fl-cd"/>
      </object_component>
      <object_component id="oc-29c">
         <name>.text.UARTCC32XX_writeCancel</name>
         <load_address>0x2000fa40</load_address>
         <readonly>true</readonly>
         <executable>true</executable>
         <run_address>0x2000fa40</run_address>
         <size>0x64</size>
         <alignment>0x2</alignment>
         <input_file_ref idref="fl-1d"/>
      </object_component>
      <object_component id="oc-27f">
         <name>.text.ClockP_startup</name>
         <load_address>0x2000faa4</load_address>
         <readonly>true</readonly>
         <executable>true</executable>
         <run_address>0x2000faa4</run_address>
         <size>0x60</size>
         <alignment>0x4</alignment>
         <input_file_ref idref="fl-22"/>
      </object_component>
      <object_component id="oc-187">
         <name>.text.GPIO_write</name>
         <load_address>0x2000fb04</load_address>
         <readonly>true</readonly>
         <executable>true</executable>
         <run_address>0x2000fb04</run_address>
         <size>0x60</size>
         <alignment>0x4</alignment>
         <input_file_ref idref="fl-18"/>
      </object_component>
      <object_component id="oc-26b">
         <name>.text.__TI_wrt_ok</name>
         <load_address>0x2000fb64</load_address>
         <readonly>true</readonly>
         <executable>true</executable>
         <run_address>0x2000fb64</run_address>
         <size>0x60</size>
         <alignment>0x2</alignment>
         <input_file_ref idref="fl-42"/>
      </object_component>
      <object_component id="oc-3ab">
         <name>.text.close</name>
         <load_address>0x2000fbc4</load_address>
         <readonly>true</readonly>
         <executable>true</executable>
         <run_address>0x2000fbc4</run_address>
         <size>0x60</size>
         <alignment>0x4</alignment>
         <input_file_ref idref="fl-c7"/>
      </object_component>
      <object_component id="oc-177">
         <name>.text.printf</name>
         <load_address>0x2000fc24</load_address>
         <readonly>true</readonly>
         <executable>true</executable>
         <run_address>0x2000fc24</run_address>
         <size>0x60</size>
         <alignment>0x4</alignment>
         <input_file_ref idref="fl-3d"/>
      </object_component>
      <object_component id="oc-2f0">
         <name>.text.FlashDisable</name>
         <load_address>0x2000fc84</load_address>
         <readonly>true</readonly>
         <executable>true</executable>
         <run_address>0x2000fc84</run_address>
         <size>0x5c</size>
         <alignment>0x2</alignment>
         <input_file_ref idref="fl-30"/>
      </object_component>
      <object_component id="oc-246">
         <name>.text.I2CSupport_primeTransfer</name>
         <load_address>0x2000fce0</load_address>
         <readonly>true</readonly>
         <executable>true</executable>
         <run_address>0x2000fce0</run_address>
         <size>0x5c</size>
         <alignment>0x2</alignment>
         <input_file_ref idref="fl-19"/>
      </object_component>
      <object_component id="oc-1e0">
         <name>.text.TimerCC32XX_allocateTimerResource</name>
         <load_address>0x2000fd3c</load_address>
         <readonly>true</readonly>
         <executable>true</executable>
         <run_address>0x2000fd3c</run_address>
         <size>0x5c</size>
         <alignment>0x4</alignment>
         <input_file_ref idref="fl-1c"/>
      </object_component>
      <object_component id="oc-110">
         <name>.text.PRCMPeripheralClkEnable</name>
         <load_address>0x2000fd98</load_address>
         <readonly>true</readonly>
         <executable>true</executable>
         <run_address>0x2000fd98</run_address>
         <size>0x5a</size>
         <alignment>0x2</alignment>
         <input_file_ref idref="fl-2c"/>
      </object_component>
      <object_component id="oc-29b">
         <name>.text.UARTCC32XX_writePolling</name>
         <load_address>0x2000fdf2</load_address>
         <readonly>true</readonly>
         <executable>true</executable>
         <run_address>0x2000fdf2</run_address>
         <size>0x5a</size>
         <alignment>0x2</alignment>
         <input_file_ref idref="fl-1d"/>
      </object_component>
      <object_component id="oc-190">
         <name>.text.GPIO_hwiIntFxn</name>
         <load_address>0x2000fe4c</load_address>
         <readonly>true</readonly>
         <executable>true</executable>
         <run_address>0x2000fe4c</run_address>
         <size>0x58</size>
         <alignment>0x4</alignment>
         <input_file_ref idref="fl-18"/>
      </object_component>
      <object_component id="oc-18d">
         <name>.text.GPIO_setInterruptConfig</name>
         <load_address>0x2000fea4</load_address>
         <readonly>true</readonly>
         <executable>true</executable>
         <run_address>0x2000fea4</run_address>
         <size>0x58</size>
         <alignment>0x4</alignment>
         <input_file_ref idref="fl-18"/>
      </object_component>
      <object_component id="oc-396">
         <name>.text.HOSTlseek</name>
         <load_address>0x2000fefc</load_address>
         <readonly>true</readonly>
         <executable>true</executable>
         <run_address>0x2000fefc</run_address>
         <size>0x58</size>
         <alignment>0x4</alignment>
         <input_file_ref idref="fl-ca"/>
      </object_component>
      <object_component id="oc-386">
         <name>.text.HOSTopen</name>
         <load_address>0x2000ff54</load_address>
         <readonly>true</readonly>
         <executable>true</executable>
         <run_address>0x2000ff54</run_address>
         <size>0x58</size>
         <alignment>0x4</alignment>
         <input_file_ref idref="fl-cb"/>
      </object_component>
      <object_component id="oc-2ce">
         <name>.text.Power_releaseDependency</name>
         <load_address>0x2000ffac</load_address>
         <readonly>true</readonly>
         <executable>true</executable>
         <run_address>0x2000ffac</run_address>
         <size>0x58</size>
         <alignment>0x4</alignment>
         <input_file_ref idref="fl-1a"/>
      </object_component>
      <object_component id="oc-28c">
         <name>.text.PRCMLPDSEnter</name>
         <load_address>0x20010004</load_address>
         <readonly>true</readonly>
         <executable>true</executable>
         <run_address>0x20010004</run_address>
         <size>0x56</size>
         <alignment>0x2</alignment>
         <input_file_ref idref="fl-2c"/>
      </object_component>
      <object_component id="oc-191">
         <name>.text._nop</name>
         <load_address>0x2001005a</load_address>
         <readonly>true</readonly>
         <executable>true</executable>
         <run_address>0x2001005a</run_address>
         <size>0x2</size>
         <alignment>0x2</alignment>
         <input_file_ref idref="fl-47"/>
      </object_component>
      <object_component id="oc-38e">
         <name>.text.HOSTread</name>
         <load_address>0x2001005c</load_address>
         <readonly>true</readonly>
         <executable>true</executable>
         <run_address>0x2001005c</run_address>
         <size>0x54</size>
         <alignment>0x4</alignment>
         <input_file_ref idref="fl-cc"/>
      </object_component>
      <object_component id="oc-392">
         <name>.text.HOSTwrite</name>
         <load_address>0x200100b0</load_address>
         <readonly>true</readonly>
         <executable>true</executable>
         <run_address>0x200100b0</run_address>
         <size>0x54</size>
         <alignment>0x4</alignment>
         <input_file_ref idref="fl-cf"/>
      </object_component>
      <object_component id="oc-1bf">
         <name>.text.PowerCC32XX_setParkState</name>
         <load_address>0x20010104</load_address>
         <readonly>true</readonly>
         <executable>true</executable>
         <run_address>0x20010104</run_address>
         <size>0x54</size>
         <alignment>0x4</alignment>
         <input_file_ref idref="fl-1a"/>
      </object_component>
      <object_component id="oc-21f">
         <name>.text.SemaphoreP_construct</name>
         <load_address>0x20010158</load_address>
         <readonly>true</readonly>
         <executable>true</executable>
         <run_address>0x20010158</run_address>
         <size>0x50</size>
         <alignment>0x4</alignment>
         <input_file_ref idref="fl-21"/>
      </object_component>
      <object_component id="oc-275">
         <name>.text.__TI_doflush</name>
         <load_address>0x200101a8</load_address>
         <readonly>true</readonly>
         <executable>true</executable>
         <run_address>0x200101a8</run_address>
         <size>0x50</size>
         <alignment>0x2</alignment>
         <input_file_ref idref="fl-59"/>
      </object_component>
      <object_component id="oc-2ef">
         <name>.text.PRCMLPDSRestoreInfoSet</name>
         <load_address>0x200101f8</load_address>
         <readonly>true</readonly>
         <executable>true</executable>
         <run_address>0x200101f8</run_address>
         <size>0x4c</size>
         <alignment>0x2</alignment>
         <input_file_ref idref="fl-2c"/>
      </object_component>
      <object_component id="oc-1e4">
         <name>.text.initHw</name>
         <load_address>0x20010244</load_address>
         <readonly>true</readonly>
         <executable>true</executable>
         <run_address>0x20010244</run_address>
         <size>0x4c</size>
         <alignment>0x2</alignment>
         <input_file_ref idref="fl-1c"/>
      </object_component>
      <object_component id="oc-3a7">
         <name>.text.ringBufGet</name>
         <load_address>0x20010290</load_address>
         <readonly>true</readonly>
         <executable>true</executable>
         <run_address>0x20010290</run_address>
         <size>0x4c</size>
         <alignment>0x2</alignment>
         <input_file_ref idref="fl-1d"/>
      </object_component>
      <object_component id="oc-287">
         <name>.text.PowerCC32XX_parkPin</name>
         <load_address>0x200102dc</load_address>
         <readonly>true</readonly>
         <executable>true</executable>
         <run_address>0x200102dc</run_address>
         <size>0x4a</size>
         <alignment>0x2</alignment>
         <input_file_ref idref="fl-1a"/>
      </object_component>
      <object_component id="oc-215">
         <name>.text.getCountsRTC</name>
         <load_address>0x20010326</load_address>
         <readonly>true</readonly>
         <executable>true</executable>
         <run_address>0x20010326</run_address>
         <size>0x4a</size>
         <alignment>0x2</alignment>
         <input_file_ref idref="fl-24"/>
      </object_component>
      <object_component id="oc-1e3">
         <name>.text.getPrescaler</name>
         <load_address>0x20010370</load_address>
         <readonly>true</readonly>
         <executable>true</executable>
         <run_address>0x20010370</run_address>
         <size>0x4a</size>
         <alignment>0x2</alignment>
         <input_file_ref idref="fl-1c"/>
      </object_component>
      <object_component id="oc-55">
         <name>.text.busFaultHandler</name>
         <load_address>0x200103ba</load_address>
         <readonly>true</readonly>
         <executable>true</executable>
         <run_address>0x200103ba</run_address>
         <size>0x2</size>
         <alignment>0x2</alignment>
         <input_file_ref idref="fl-25"/>
      </object_component>
      <object_component id="oc-56">
         <name>.text.ClockP_sysTickHandler</name>
         <load_address>0x200103bc</load_address>
         <readonly>true</readonly>
         <executable>true</executable>
         <run_address>0x200103bc</run_address>
         <size>0x48</size>
         <alignment>0x4</alignment>
         <input_file_ref idref="fl-22"/>
      </object_component>
      <object_component id="oc-208">
         <name>.text.GPIO_disableInt</name>
         <load_address>0x20010404</load_address>
         <readonly>true</readonly>
         <executable>true</executable>
         <run_address>0x20010404</run_address>
         <size>0x48</size>
         <alignment>0x4</alignment>
         <input_file_ref idref="fl-18"/>
      </object_component>
      <object_component id="oc-f3">
         <name>.text.GPIO_enableInt</name>
         <load_address>0x2001044c</load_address>
         <readonly>true</readonly>
         <executable>true</executable>
         <run_address>0x2001044c</run_address>
         <size>0x48</size>
         <alignment>0x4</alignment>
         <input_file_ref idref="fl-18"/>
      </object_component>
      <object_component id="oc-1f5">
         <name>.text.__fixdfsi</name>
         <load_address>0x20010494</load_address>
         <readonly>true</readonly>
         <executable>true</executable>
         <run_address>0x20010494</run_address>
         <size>0x48</size>
         <alignment>0x4</alignment>
         <input_file_ref idref="fl-d4"/>
      </object_component>
      <object_component id="oc-236">
         <name>.text.I2CCC32XX_fillTransmitFifo</name>
         <load_address>0x200104dc</load_address>
         <readonly>true</readonly>
         <executable>true</executable>
         <run_address>0x200104dc</run_address>
         <size>0x46</size>
         <alignment>0x2</alignment>
         <input_file_ref idref="fl-19"/>
      </object_component>
      <object_component id="oc-28b">
         <name>.text.PRCMLPDSEnterKeepDebugIf</name>
         <load_address>0x20010522</load_address>
         <readonly>true</readonly>
         <executable>true</executable>
         <run_address>0x20010522</run_address>
         <size>0x46</size>
         <alignment>0x2</alignment>
         <input_file_ref idref="fl-2c"/>
      </object_component>
      <object_component id="oc-3a5">
         <name>.text.RingBuf_put</name>
         <load_address>0x20010568</load_address>
         <readonly>true</readonly>
         <executable>true</executable>
         <run_address>0x20010568</run_address>
         <size>0x46</size>
         <alignment>0x2</alignment>
         <input_file_ref idref="fl-1f"/>
      </object_component>
      <object_component id="oc-1b3">
         <name>.text.clkFxn</name>
         <load_address>0x200105ae</load_address>
         <readonly>true</readonly>
         <executable>true</executable>
         <run_address>0x200105ae</run_address>
         <size>0x2</size>
         <alignment>0x2</alignment>
         <input_file_ref idref="fl-21"/>
      </object_component>
      <object_component id="oc-39a">
         <name>.text.HOSTunlink</name>
         <load_address>0x200105b0</load_address>
         <readonly>true</readonly>
         <executable>true</executable>
         <run_address>0x200105b0</run_address>
         <size>0x44</size>
         <alignment>0x4</alignment>
         <input_file_ref idref="fl-ce"/>
      </object_component>
      <object_component id="oc-2a6">
         <name>.text.Power_releaseConstraint</name>
         <load_address>0x200105f4</load_address>
         <readonly>true</readonly>
         <executable>true</executable>
         <run_address>0x200105f4</run_address>
         <size>0x44</size>
         <alignment>0x4</alignment>
         <input_file_ref idref="fl-1a"/>
      </object_component>
      <object_component id="oc-16f">
         <name>.text.Timer_start</name>
         <load_address>0x20010638</load_address>
         <readonly>true</readonly>
         <executable>true</executable>
         <run_address>0x20010638</run_address>
         <size>0x44</size>
         <alignment>0x2</alignment>
         <input_file_ref idref="fl-16"/>
      </object_component>
      <object_component id="oc-137">
         <name>.text.UART_init</name>
         <load_address>0x2001067c</load_address>
         <readonly>true</readonly>
         <executable>true</executable>
         <run_address>0x2001067c</run_address>
         <size>0x44</size>
         <alignment>0x4</alignment>
         <input_file_ref idref="fl-17"/>
      </object_component>
      <object_component id="oc-7b">
         <name>.text.addToList</name>
         <load_address>0x200106c0</load_address>
         <readonly>true</readonly>
         <executable>true</executable>
         <run_address>0x200106c0</run_address>
         <size>0x44</size>
         <alignment>0x4</alignment>
         <input_file_ref idref="fl-22"/>
      </object_component>
      <object_component id="oc-ed">
         <name>.text.initTimer</name>
         <load_address>0x20010704</load_address>
         <readonly>true</readonly>
         <executable>true</executable>
         <run_address>0x20010704</run_address>
         <size>0x44</size>
         <alignment>0x4</alignment>
         <input_file_ref idref="fl-1"/>
      </object_component>
      <object_component id="oc-f5">
         <name>.text.interpretation_check</name>
         <load_address>0x20010748</load_address>
         <readonly>true</readonly>
         <executable>true</executable>
         <run_address>0x20010748</run_address>
         <size>0x44</size>
         <alignment>0x4</alignment>
         <input_file_ref idref="fl-1"/>
      </object_component>
      <object_component id="oc-14e">
         <name>.text.snprintf</name>
         <load_address>0x2001078c</load_address>
         <readonly>true</readonly>
         <executable>true</executable>
         <run_address>0x2001078c</run_address>
         <size>0x44</size>
         <alignment>0x4</alignment>
         <input_file_ref idref="fl-3f"/>
      </object_component>
      <object_component id="oc-118">
         <name>.text.PinModeSet</name>
         <load_address>0x200107d0</load_address>
         <readonly>true</readonly>
         <executable>true</executable>
         <run_address>0x200107d0</run_address>
         <size>0x42</size>
         <alignment>0x2</alignment>
         <input_file_ref idref="fl-2b"/>
      </object_component>
      <object_component id="oc-258">
         <name>.text.TimerControlStall</name>
         <load_address>0x20010812</load_address>
         <readonly>true</readonly>
         <executable>true</executable>
         <run_address>0x20010812</run_address>
         <size>0x42</size>
         <alignment>0x2</alignment>
         <input_file_ref idref="fl-2d"/>
      </object_component>
      <object_component id="oc-1e2">
         <name>.text.Timer_close</name>
         <load_address>0x20010854</load_address>
         <readonly>true</readonly>
         <executable>true</executable>
         <run_address>0x20010854</run_address>
         <size>0x42</size>
         <alignment>0x2</alignment>
         <input_file_ref idref="fl-1c"/>
      </object_component>
      <object_component id="oc-35f">
         <name>.text.ClockP_construct</name>
         <load_address>0x20010896</load_address>
         <readonly>true</readonly>
         <executable>true</executable>
         <run_address>0x20010896</run_address>
         <size>0x40</size>
         <alignment>0x2</alignment>
         <input_file_ref idref="fl-22"/>
      </object_component>
      <object_component id="oc-54">
         <name>.text.defaultHandler</name>
         <load_address>0x200108d6</load_address>
         <readonly>true</readonly>
         <executable>true</executable>
         <run_address>0x200108d6</run_address>
         <size>0x2</size>
         <alignment>0x2</alignment>
         <input_file_ref idref="fl-25"/>
      </object_component>
      <object_component id="oc-223">
         <name>.text.ClockP_stop</name>
         <load_address>0x200108d8</load_address>
         <readonly>true</readonly>
         <executable>true</executable>
         <run_address>0x200108d8</run_address>
         <size>0x40</size>
         <alignment>0x4</alignment>
         <input_file_ref idref="fl-22"/>
      </object_component>
      <object_component id="oc-12d">
         <name>.text.SemaphoreP_post</name>
         <load_address>0x20010918</load_address>
         <readonly>true</readonly>
         <executable>true</executable>
         <run_address>0x20010918</run_address>
         <size>0x40</size>
         <alignment>0x4</alignment>
         <input_file_ref idref="fl-21"/>
      </object_component>
      <object_component id="oc-24c">
         <name>.text.Timer_stop</name>
         <load_address>0x20010958</load_address>
         <readonly>true</readonly>
         <executable>true</executable>
         <run_address>0x20010958</run_address>
         <size>0x40</size>
         <alignment>0x2</alignment>
         <input_file_ref idref="fl-16"/>
      </object_component>
      <object_component id="oc-13e">
         <name>.text.UART_open</name>
         <load_address>0x20010998</load_address>
         <readonly>true</readonly>
         <executable>true</executable>
         <run_address>0x20010998</run_address>
         <size>0x40</size>
         <alignment>0x4</alignment>
         <input_file_ref idref="fl-17"/>
      </object_component>
      <object_component id="oc-2b1">
         <name>.text.atoi</name>
         <load_address>0x200109d8</load_address>
         <readonly>true</readonly>
         <executable>true</executable>
         <run_address>0x200109d8</run_address>
         <size>0x40</size>
         <alignment>0x4</alignment>
         <input_file_ref idref="fl-4a"/>
      </object_component>
      <object_component id="oc-30e">
         <name>.text.RingBuf_get</name>
         <load_address>0x20010a18</load_address>
         <readonly>true</readonly>
         <executable>true</executable>
         <run_address>0x20010a18</run_address>
         <size>0x3e</size>
         <alignment>0x2</alignment>
         <input_file_ref idref="fl-1f"/>
      </object_component>
      <object_component id="oc-53">
         <name>.text.faultISR</name>
         <load_address>0x20010a56</load_address>
         <readonly>true</readonly>
         <executable>true</executable>
         <run_address>0x20010a56</run_address>
         <size>0x2</size>
         <alignment>0x2</alignment>
         <input_file_ref idref="fl-25"/>
      </object_component>
      <object_component id="oc-38a">
         <name>.text.HOSTclose</name>
         <load_address>0x20010a58</load_address>
         <readonly>true</readonly>
         <executable>true</executable>
         <run_address>0x20010a58</run_address>
         <size>0x3c</size>
         <alignment>0x4</alignment>
         <input_file_ref idref="fl-c9"/>
      </object_component>
      <object_component id="oc-1ec">
         <name>.text.TimerSupport_timerEnable</name>
         <load_address>0x20010a94</load_address>
         <readonly>true</readonly>
         <executable>true</executable>
         <run_address>0x20010a94</run_address>
         <size>0x3a</size>
         <alignment>0x2</alignment>
         <input_file_ref idref="fl-1c"/>
      </object_component>
      <object_component id="oc-52">
         <name>.text.nmiISR</name>
         <load_address>0x20010ace</load_address>
         <readonly>true</readonly>
         <executable>true</executable>
         <run_address>0x20010ace</run_address>
         <size>0x2</size>
         <alignment>0x2</alignment>
         <input_file_ref idref="fl-25"/>
      </object_component>
      <object_component id="oc-1b2">
         <name>.text.ClockP_destruct</name>
         <load_address>0x20010ad0</load_address>
         <readonly>true</readonly>
         <executable>true</executable>
         <run_address>0x20010ad0</run_address>
         <size>0x38</size>
         <alignment>0x4</alignment>
         <input_file_ref idref="fl-22"/>
      </object_component>
      <object_component id="oc-25d">
         <name>.text.Power_setConstraint</name>
         <load_address>0x20010b08</load_address>
         <readonly>true</readonly>
         <executable>true</executable>
         <run_address>0x20010b08</run_address>
         <size>0x38</size>
         <alignment>0x4</alignment>
         <input_file_ref idref="fl-1a"/>
      </object_component>
      <object_component id="oc-21c">
         <name>.text.SwiP_restore</name>
         <load_address>0x20010b40</load_address>
         <readonly>true</readonly>
         <executable>true</executable>
         <run_address>0x20010b40</run_address>
         <size>0x38</size>
         <alignment>0x4</alignment>
         <input_file_ref idref="fl-26"/>
      </object_component>
      <object_component id="oc-299">
         <name>.text.UARTCC32XX_readCancel</name>
         <load_address>0x20010b78</load_address>
         <readonly>true</readonly>
         <executable>true</executable>
         <run_address>0x20010b78</run_address>
         <size>0x38</size>
         <alignment>0x2</alignment>
         <input_file_ref idref="fl-1d"/>
      </object_component>
      <object_component id="oc-eb">
         <name>.text.initUART</name>
         <load_address>0x20010bb0</load_address>
         <readonly>true</readonly>
         <executable>true</executable>
         <run_address>0x20010bb0</run_address>
         <size>0x38</size>
         <alignment>0x4</alignment>
         <input_file_ref idref="fl-1"/>
      </object_component>
      <object_component id="oc-bd">
         <name>.text:__TI_auto_init_nobinit_nopinit</name>
         <load_address>0x20010be8</load_address>
         <readonly>true</readonly>
         <executable>true</executable>
         <run_address>0x20010be8</run_address>
         <size>0x38</size>
         <alignment>0x4</alignment>
         <input_file_ref idref="fl-50"/>
      </object_component>
      <object_component id="oc-1e9">
         <name>.text.TimerCC32XX_hwiIntFunction</name>
         <load_address>0x20010c20</load_address>
         <readonly>true</readonly>
         <executable>true</executable>
         <run_address>0x20010c20</run_address>
         <size>0x36</size>
         <alignment>0x2</alignment>
         <input_file_ref idref="fl-1c"/>
      </object_component>
      <object_component id="oc-297">
         <name>.text.UARTCC32XX_read</name>
         <load_address>0x20010c56</load_address>
         <readonly>true</readonly>
         <executable>true</executable>
         <run_address>0x20010c56</run_address>
         <size>0x36</size>
         <alignment>0x2</alignment>
         <input_file_ref idref="fl-1d"/>
      </object_component>
      <object_component id="oc-1af">
         <name>.text.ClockP_start</name>
         <load_address>0x20010c8c</load_address>
         <readonly>true</readonly>
         <executable>true</executable>
         <run_address>0x20010c8c</run_address>
         <size>0x34</size>
         <alignment>0x4</alignment>
         <input_file_ref idref="fl-22"/>
      </object_component>
      <object_component id="oc-2a2">
         <name>.text.I2CFIFODataPutNonBlocking</name>
         <load_address>0x20010cc0</load_address>
         <readonly>true</readonly>
[...]
      <symbol id="sm-42e">
         <name>I2CRxFIFOFlush</name>
         <value>0x200115ef</value>
         <object_component_ref idref="oc-2c8"/>
      </symbol>
      <symbol id="sm-42f">
         <name>I2CTxFIFOFlush</name>
         <value>0x20011605</value>
         <object_component_ref idref="oc-2c7"/>
      </symbol>
      <symbol id="sm-465">
         <name>IntMasterDisable</name>
         <value>0x20011965</value>
         <object_component_ref idref="oc-48"/>
      </symbol>
      <symbol id="sm-466">
         <name>IntPendSet</name>
         <value>0x2000eac5</value>
         <object_component_ref idref="oc-2f5"/>
      </symbol>
      <symbol id="sm-467">
         <name>IntVTableBaseSet</name>
         <value>0x20011659</value>
         <object_component_ref idref="oc-71"/>
      </symbol>
      <symbol id="sm-4a1">
         <name>PinConfigSet</name>
         <value>0x2000eb69</value>
         <object_component_ref idref="oc-189"/>
      </symbol>
      <symbol id="sm-4a2">
         <name>PinModeGet</name>
         <value>0x20010cf5</value>
         <object_component_ref idref="oc-113"/>
      </symbol>
      <symbol id="sm-4a3">
         <name>PinModeSet</name>
         <value>0x200107d1</value>
         <object_component_ref idref="oc-118"/>
      </symbol>
      <symbol id="sm-4a4">
         <name>PinToPadGet</name>
         <value>0x20011531</value>
         <object_component_ref idref="oc-286"/>
      </symbol>
      <symbol id="sm-53c">
         <name>PRCMCC3200MCUInit</name>
         <value>0x2000c8ad</value>
         <object_component_ref idref="oc-d0"/>
      </symbol>
      <symbol id="sm-53d">
         <name>PRCMHIBRegRead</name>
         <value>0x200114fd</value>
         <object_component_ref idref="oc-10f"/>
      </symbol>
      <symbol id="sm-53e">
         <name>PRCMHIBRegWrite</name>
         <value>0x20011517</value>
         <object_component_ref idref="oc-10e"/>
      </symbol>
      <symbol id="sm-53f">
         <name>PRCMLPDSEnter</name>
         <value>0x20010005</value>
         <object_component_ref idref="oc-28c"/>
      </symbol>
      <symbol id="sm-540">
         <name>PRCMLPDSEnterKeepDebugIf</name>
         <value>0x20010523</value>
         <object_component_ref idref="oc-28b"/>
      </symbol>
      <symbol id="sm-541">
         <name>PRCMLPDSRestoreInfoSet</name>
         <value>0x200101f9</value>
         <object_component_ref idref="oc-2ef"/>
      </symbol>
      <symbol id="sm-542">
         <name>PRCMPeripheralClkDisable</name>
         <value>0x200110df</value>
         <object_component_ref idref="oc-112"/>
      </symbol>
      <symbol id="sm-543">
         <name>PRCMPeripheralClkEnable</name>
         <value>0x2000fd99</value>
         <object_component_ref idref="oc-110"/>
      </symbol>
      <symbol id="sm-544">
         <name>PRCMPeripheralReset</name>
         <value>0x2000f7d5</value>
         <object_component_ref idref="oc-111"/>
      </symbol>
      <symbol id="sm-545">
         <name>PRCMSysResetCauseGet</name>
         <value>0x2000efa5</value>
         <object_component_ref idref="oc-109"/>
      </symbol>
      <symbol id="sm-584">
         <name>TimerControlStall</name>
         <value>0x20010813</value>
         <object_component_ref idref="oc-258"/>
      </symbol>
      <symbol id="sm-585">
         <name>TimerDisable</name>
         <value>0x200113a5</value>
         <object_component_ref idref="oc-251"/>
      </symbol>
      <symbol id="sm-586">
         <name>TimerEnable</name>
         <value>0x2001154b</value>
         <object_component_ref idref="oc-25e"/>
      </symbol>
      <symbol id="sm-587">
         <name>TimerIntClear</name>
         <value>0x200117e5</value>
         <object_component_ref idref="oc-25b"/>
      </symbol>
      <symbol id="sm-588">
         <name>TimerIntDisable</name>
         <value>0x2001161b</value>
         <object_component_ref idref="oc-346"/>
      </symbol>
      <symbol id="sm-589">
         <name>TimerIntEnable</name>
         <value>0x200116a9</value>
         <object_component_ref idref="oc-25c"/>
      </symbol>
      <symbol id="sm-58a">
         <name>TimerLoadSet</name>
         <value>0x20010e59</value>
         <object_component_ref idref="oc-257"/>
      </symbol>
      <symbol id="sm-58b">
         <name>TimerPrescaleSet</name>
         <value>0x20010e89</value>
         <object_component_ref idref="oc-256"/>
      </symbol>
      <symbol id="sm-5db">
         <name>UARTBusy</name>
         <value>0x20011805</value>
         <object_component_ref idref="oc-30f"/>
      </symbol>
      <symbol id="sm-5dc">
         <name>UARTIntEnable</name>
         <value>0x200116bd</value>
         <object_component_ref idref="oc-36b"/>
      </symbol>
      <symbol id="sm-5e7">
         <name>UtilsDelay</name>
         <value>0x200119ab</value>
         <object_component_ref idref="oc-10a"/>
      </symbol>
      <symbol id="sm-614">
         <name>FlashDisable</name>
         <value>0x2000fc85</value>
         <object_component_ref idref="oc-2f0"/>
      </symbol>
      <symbol id="sm-625">
         <name>printf</name>
         <value>0x2000fc25</value>
         <object_component_ref idref="oc-177"/>
      </symbol>
      <symbol id="sm-645">
         <name>__TI_printfi_nofloat</name>
         <value>0x2000c041</value>
         <object_component_ref idref="oc-242"/>
      </symbol>
      <symbol id="sm-656">
         <name>snprintf</name>
         <value>0x2001078d</value>
         <object_component_ref idref="oc-14e"/>
      </symbol>
      <symbol id="sm-661">
         <name>fputc</name>
         <value>0x2000f0c1</value>
         <object_component_ref idref="oc-265"/>
      </symbol>
      <symbol id="sm-670">
         <name>puts</name>
         <value>0x200112fd</value>
         <object_component_ref idref="oc-17e"/>
      </symbol>
      <symbol id="sm-671">
         <name>fputs</name>
         <value>0x2000e17d</value>
         <object_component_ref idref="oc-202"/>
      </symbol>
      <symbol id="sm-67b">
         <name>__TI_wrt_ok</name>
         <value>0x2000fb65</value>
         <object_component_ref idref="oc-26b"/>
      </symbol>
      <symbol id="sm-685">
         <name>setvbuf</name>
         <value>0x2000e529</value>
         <object_component_ref idref="oc-2d8"/>
      </symbol>
      <symbol id="sm-68e">
         <name>wcslen</name>
         <value>0x20011835</value>
         <object_component_ref idref="oc-2b5"/>
      </symbol>
      <symbol id="sm-699">
         <name>__aeabi_errno_addr</name>
         <value>0x200119b5</value>
         <object_component_ref idref="oc-2b9"/>
      </symbol>
      <symbol id="sm-69a">
         <name>__aeabi_errno</name>
         <value>0x20012260</value>
         <object_component_ref idref="oc-31f"/>
      </symbol>
      <symbol id="sm-6a8">
         <name>abort</name>
         <value>0x20011a1d</value>
         <object_component_ref idref="oc-b6"/>
      </symbol>
      <symbol id="sm-6a9">
         <name>C$$EXIT</name>
         <value>0x20011a1c</value>
         <object_component_ref idref="oc-b6"/>
      </symbol>
      <symbol id="sm-6aa">
         <name>__TI_cleanup_ptr</name>
         <value>0x20012248</value>
         <object_component_ref idref="oc-101"/>
      </symbol>
      <symbol id="sm-6ab">
         <name>__TI_dtors_ptr</name>
         <value>0x2001224c</value>
         <object_component_ref idref="oc-101"/>
      </symbol>
      <symbol id="sm-6ac">
         <name>exit</name>
         <value>0x20010f19</value>
         <object_component_ref idref="oc-bb"/>
      </symbol>
      <symbol id="sm-6b5">
         <name>_nop</name>
         <value>0x2001005b</value>
         <object_component_ref idref="oc-191"/>
      </symbol>
      <symbol id="sm-6b6">
         <name>_lock</name>
         <value>0x20012264</value>
         <object_component_ref idref="oc-ff"/>
      </symbol>
      <symbol id="sm-6b7">
         <name>_unlock</name>
         <value>0x20012268</value>
         <object_component_ref idref="oc-102"/>
      </symbol>
      <symbol id="sm-6c3">
         <name>atoi</name>
         <value>0x200109d9</value>
         <object_component_ref idref="oc-2b1"/>
      </symbol>
      <symbol id="sm-6c8">
         <name>_ftable</name>
         <value>0x20011f90</value>
         <object_component_ref idref="oc-1fc"/>
      </symbol>
      <symbol id="sm-6c9">
         <name>__TI_ft_end</name>
         <value>0x2001225c</value>
         <object_component_ref idref="oc-383"/>
      </symbol>
      <symbol id="sm-6ca">
         <name>__TI_tmpnams</name>
         <value>0x200125c0</value>
         <object_component_ref idref="oc-3b3"/>
      </symbol>
      <symbol id="sm-6d3">
         <name>memccpy</name>
         <value>0x200113e3</value>
         <object_component_ref idref="oc-2aa"/>
      </symbol>
      <symbol id="sm-6f3">
         <name>malloc</name>
         <value>0x200119c5</value>
         <object_component_ref idref="oc-207"/>
      </symbol>
      <symbol id="sm-6f4">
         <name>aligned_alloc</name>
         <value>0x2000de6d</value>
         <object_component_ref idref="oc-27b"/>
      </symbol>
      <symbol id="sm-6f5">
         <name>free</name>
         <value>0x2000e26d</value>
         <object_component_ref idref="oc-1ac"/>
      </symbol>
      <symbol id="sm-6f6">
         <name>_sys_memory</name>
         <value>0x20004040</value>
         <object_component_ref idref="oc-2f"/>
      </symbol>
      <symbol id="sm-6f7">
         <name>memalign</name>
         <value>0x2000de6d</value>
         <object_component_ref idref="oc-27b"/>
      </symbol>
      <symbol id="sm-702">
         <name>_c_int00_noargs</name>
         <value>0x20011321</value>
         <object_component_ref idref="oc-74"/>
      </symbol>
      <symbol id="sm-703">
         <name>__stack</name>
         <value>0x20003000</value>
         <object_component_ref idref="oc-14"/>
      </symbol>
      <symbol id="sm-70f">
         <name>__TI_auto_init_nobinit_nopinit</name>
         <value>0x20010be9</value>
         <object_component_ref idref="oc-bd"/>
      </symbol>
      <symbol id="sm-717">
         <name>_system_pre_init</name>
         <value>0x20011a11</value>
         <object_component_ref idref="oc-89"/>
      </symbol>
      <symbol id="sm-722">
         <name>__TI_zero_init</name>
         <value>0x20011845</value>
         <object_component_ref idref="oc-47"/>
      </symbol>
      <symbol id="sm-72b">
         <name>__TI_decompress_none</name>
         <value>0x200118c5</value>
         <object_component_ref idref="oc-1a"/>
      </symbol>
      <symbol id="sm-735">
         <name>__TI_decompress_lzss</name>
         <value>0x2000f68d</value>
         <object_component_ref idref="oc-16"/>
      </symbol>
      <symbol id="sm-742">
         <name>__TI_doflush</name>
         <value>0x200101a9</value>
         <object_component_ref idref="oc-275"/>
      </symbol>
      <symbol id="sm-74d">
         <name>__TI_cleanup</name>
         <value>0x20010d5d</value>
         <object_component_ref idref="oc-34b"/>
      </symbol>
      <symbol id="sm-75a">
         <name>fseek</name>
         <value>0x20011a15</value>
         <object_component_ref idref="oc-2d3"/>
      </symbol>
      <symbol id="sm-75b">
         <name>fseeko</name>
         <value>0x2000f841</value>
         <object_component_ref idref="oc-347"/>
      </symbol>
      <symbol id="sm-75c">
         <name>__aeabi_ctype_table_</name>
         <value>0x20012940</value>
         <object_component_ref idref="oc-318"/>
      </symbol>
      <symbol id="sm-75d">
         <name>__aeabi_ctype_table_C</name>
         <value>0x20012940</value>
         <object_component_ref idref="oc-318"/>
      </symbol>
      <symbol id="sm-769">
         <name>__TI_closefile</name>
         <value>0x2000f5a9</value>
         <object_component_ref idref="oc-37d"/>
      </symbol>
      <symbol id="sm-773">
         <name>write</name>
         <value>0x20011089</value>
         <object_component_ref idref="oc-271"/>
      </symbol>
      <symbol id="sm-778">
         <name>_device</name>
         <value>0x20012104</value>
         <object_component_ref idref="oc-354"/>
      </symbol>
      <symbol id="sm-779">
         <name>_stream</name>
         <value>0x2001217c</value>
         <object_component_ref idref="oc-2de"/>
      </symbol>
      <symbol id="sm-781">
         <name>remove</name>
         <value>0x20011a19</value>
         <object_component_ref idref="oc-3af"/>
      </symbol>
      <symbol id="sm-78c">
         <name>lseek</name>
         <value>0x20011031</value>
         <object_component_ref idref="oc-379"/>
      </symbol>
      <symbol id="sm-796">
         <name>close</name>
         <value>0x2000fbc5</value>
         <object_component_ref idref="oc-3ab"/>
      </symbol>
      <symbol id="sm-7a0">
         <name>unlink</name>
         <value>0x2001105d</value>
         <object_component_ref idref="oc-3d7"/>
      </symbol>
      <symbol id="sm-7aa">
         <name>HOSTclose</name>
         <value>0x20010a59</value>
         <object_component_ref idref="oc-38a"/>
      </symbol>
      <symbol id="sm-7b4">
         <name>HOSTlseek</name>
         <value>0x2000fefd</value>
         <object_component_ref idref="oc-396"/>
      </symbol>
      <symbol id="sm-7be">
         <name>HOSTopen</name>
         <value>0x2000ff55</value>
         <object_component_ref idref="oc-386"/>
      </symbol>
      <symbol id="sm-7bf">
         <name>parmbuf</name>
         <value>0x20012918</value>
         <object_component_ref idref="oc-3bd"/>
      </symbol>
      <symbol id="sm-7c9">
         <name>HOSTread</name>
         <value>0x2001005d</value>
         <object_component_ref idref="oc-38e"/>
      </symbol>
      <symbol id="sm-7da">
         <name>HOSTrename</name>
         <value>0x2000f9dd</value>
         <object_component_ref idref="oc-39e"/>
      </symbol>
      <symbol id="sm-7e4">
         <name>HOSTunlink</name>
         <value>0x200105b1</value>
         <object_component_ref idref="oc-39a"/>
      </symbol>
      <symbol id="sm-7ee">
         <name>HOSTwrite</name>
         <value>0x200100b1</value>
         <object_component_ref idref="oc-392"/>
      </symbol>
      <symbol id="sm-7fc">
         <name>C$$IO$$</name>
         <value>0x20010dbb</value>
         <object_component_ref idref="oc-3b6"/>
      </symbol>
      <symbol id="sm-7fd">
         <name>__TI_writemsg</name>
         <value>0x20010d91</value>
         <object_component_ref idref="oc-3b6"/>
      </symbol>
      <symbol id="sm-7fe">
         <name>__CIOBUF_</name>
         <value>0x200123a4</value>
         <object_component_ref idref="oc-3dd"/>
      </symbol>
      <symbol id="sm-7ff">
         <name>__TI_readmsg</name>
         <value>0x20010eb9</value>
         <object_component_ref idref="oc-3bc"/>
      </symbol>
      <symbol id="sm-800">
         <name>_CIOBUF_</name>
         <value>0x200123a4</value>
         <object_component_ref idref="oc-3dd"/>
      </symbol>
      <symbol id="sm-806">
         <name>__aeabi_dmul</name>
         <value>0x2000df8d</value>
         <object_component_ref idref="oc-1f1"/>
      </symbol>
      <symbol id="sm-807">
         <name>__muldf3</name>
         <value>0x2000df8d</value>
         <object_component_ref idref="oc-1f1"/>
      </symbol>
      <symbol id="sm-80d">
         <name>__aeabi_d2iz</name>
         <value>0x20010495</value>
         <object_component_ref idref="oc-1f5"/>
      </symbol>
      <symbol id="sm-80e">
         <name>__fixdfsi</name>
         <value>0x20010495</value>
         <object_component_ref idref="oc-1f5"/>
      </symbol>
      <symbol id="sm-814">
         <name>__aeabi_i2d</name>
         <value>0x20010fa9</value>
         <object_component_ref idref="oc-1ed"/>
      </symbol>
      <symbol id="sm-815">
         <name>__floatsidf</name>
         <value>0x20010fa9</value>
         <object_component_ref idref="oc-1ed"/>
      </symbol>
      <symbol id="sm-81b">
         <name>__aeabi_memcpy</name>
         <value>0x20011a05</value>
         <object_component_ref idref="oc-3a"/>
      </symbol>
      <symbol id="sm-81c">
         <name>__aeabi_memcpy4</name>
         <value>0x20011a05</value>
         <object_component_ref idref="oc-3a"/>
      </symbol>
      <symbol id="sm-81d">
         <name>__aeabi_memcpy8</name>
         <value>0x20011a05</value>
         <object_component_ref idref="oc-3a"/>
      </symbol>
      <symbol id="sm-826">
         <name>__aeabi_memset</name>
         <value>0x20011999</value>
         <object_component_ref idref="oc-2a9"/>
      </symbol>
      <symbol id="sm-827">
         <name>__aeabi_memset4</name>
         <value>0x20011999</value>
         <object_component_ref idref="oc-2a9"/>
      </symbol>
      <symbol id="sm-828">
         <name>__aeabi_memset8</name>
         <value>0x20011999</value>
         <object_component_ref idref="oc-2a9"/>
      </symbol>
      <symbol id="sm-829">
         <name>__aeabi_memclr</name>
         <value>0x200119bd</value>
         <object_component_ref idref="oc-65"/>
      </symbol>
      <symbol id="sm-82a">
         <name>__aeabi_memclr4</name>
         <value>0x200119bd</value>
         <object_component_ref idref="oc-65"/>
      </symbol>
      <symbol id="sm-82b">
         <name>__aeabi_memclr8</name>
         <value>0x200119bd</value>
         <object_component_ref idref="oc-65"/>
      </symbol>
      <symbol id="sm-831">
         <name>__aeabi_uldivmod</name>
         <value>0x200116d1</value>
         <object_component_ref idref="oc-216"/>
      </symbol>
      <symbol id="sm-837">
         <name>__udivmoddi4</name>
         <value>0x2000e771</value>
         <object_component_ref idref="oc-280"/>
      </symbol>
      <symbol id="sm-842">
         <name>__aeabi_ldiv0</name>
         <value>0x2000f83f</value>
         <object_component_ref idref="oc-2e8"/>
      </symbol>
      <symbol id="sm-850">
         <name>finddevice</name>
         <value>0x20011005</value>
         <object_component_ref idref="oc-3e9"/>
      </symbol>
      <symbol id="sm-851">
         <name>getdevice</name>
         <value>0x2000f8a9</value>
         <object_component_ref idref="oc-3e0"/>
      </symbol>
      <symbol id="sm-858">
         <name>strcmp</name>
         <value>0x2000d189</value>
         <object_component_ref idref="oc-3ec"/>
      </symbol>
      <symbol id="sm-860">
         <name>TI_memcpy_small</name>
         <value>0x20011751</value>
         <object_component_ref idref="oc-7f"/>
      </symbol>
      <symbol id="sm-868">
         <name>TI_memset_small</name>
         <value>0x200118b7</value>
         <object_component_ref idref="oc-9c"/>
      </symbol>
      <symbol id="sm-869">
         <name>__TI_static_base__</name>
         <value>0x20012f7c</value>
      </symbol>
      <symbol id="sm-86c">
         <name>ITM_flush</name>
         <value>0x0</value>
      </symbol>
      <symbol id="sm-86d">
         <name>ITM_restore</name>
         <value>0x0</value>
      </symbol>
      <symbol id="sm-86e">
         <name>__mpu_init</name>
         <value>0x0</value>
      </symbol>
      <symbol id="sm-86f">
         <name>_system_post_cinit</name>
         <value>0x0</value>
      </symbol>
   </symbol_table>
   <title>Link successful</title>
</link_info>
