******************************************************************************
            TI ARM Clang Linker PC v3.2.0                      
******************************************************************************
>> Linked Sun Oct 15 22:34:57 2023

OUTPUT FILE NAME:   <gpiointerrupt_CC3220S_LAUNCHXL_nortos_ticlang.out>
ENTRY POINT SYMBOL: "resetISR"  address: 200114c5


MEMORY CONFIGURATION

         name            origin    length      used     unused   attr    fill
----------------------  --------  ---------  --------  --------  ----  --------
  SRAM2                 20000000   00004000  0000130c  00002cf4  RW X
  SRAM                  20004000   0003c000  0000f0b9  0002cf47  RW X
  LOG_DATA              90000000   00040000  00000000  00040000  R   


SEGMENT ALLOCATION MAP

run origin  load origin   length   init length attrs members
----------  ----------- ---------- ----------- ----- -------
20003000    20003000    00001000   00000000    rw-
  20003000    20003000    00001000   00000000    rw- .stack
20004000    20004000    00000040   00000040    r--
  20004000    20004000    00000040   00000040    r-- .resetVecs
20004040    20004040    00008000   00000000    rw-
  20004040    20004040    00008000   00000000    rw- .sysmem
2000c040    2000c040    000059e0   000059e0    r-x
  2000c040    2000c040    000059e0   000059e0    r-x .text
20011a20    20011a20    00000f18   00000000    rw-
  20011a20    20011a20    00000851   00000000    rw- .data
  20012278    20012278    000006c0   00000000    rw- .bss
20012940    20012940    00000788   00000788    r--
  20012940    20012940    0000063c   0000063c    r-- .rodata
  20012f7c    20012f7c    0000014c   0000014c    r-- .cinit


SECTION ALLOCATION MAP

 output                                  attributes/
section   page    origin      length       input sections
--------  ----  ----------  ----------   ----------------
.text      0    2000c040    000059e0     
                  2000c040    0000086c     libc.a : _printfi.c.obj (.text:__TI_printfi_nofloat)
                  2000c8ac    000004b8     driverlib.a : prcm.obj (.text.PRCMCC3200MCUInit)
                  2000cd64    00000410     drivers_cc32xx.a : PowerCC32XX.om4 (.text.Power_sleep)
                  2000d174    0000000c                      : I2CCC32XX.om4 (.text.I2CCC32XX_postNotify)
                  2000d180    000002dc     libc.a : strcmp_t2.S.obj (.text:strcmp)
                  2000d45c    00000234     drivers_cc32xx.a : UARTCC32XX.om4 (.text.UARTCC32XX_open)
                  2000d690    0000016c     nortos_cc32xx.a : PowerCC32XX_nortos.om4 (.text.PowerCC32XX_sleepPolicy)
                  2000d7fc    0000016c     gpiointerrupt.o (.text.initI2C)
                  2000d968    0000015c     drivers_cc32xx.a : GPIOCC32XX.om4 (.text.GPIO_setConfig)
                  2000dac4    00000148                      : TimerCC32XX.om4 (.text.Timer_open)
                  2000dc0c    00000138                      : I2CCC32XX.om4 (.text.I2CCC32XX_hwiFxn)
                  2000dd44    00000126                      : I2C.om4 (.text.I2C_transferTimeout)
                  2000de6a    00000002     ti_drivers_config.o (.text.Board_initHook)
                  2000de6c    00000120     libc.a : memory.c.obj (.text.aligned_alloc)
                  2000df8c    000000fc     libclang_rt.builtins.a : muldf3.S.obj (.text.__muldf3)
                  2000e088    000000f4     drivers_cc32xx.a : I2CCC32XX.om4 (.text.I2C_open)
                  2000e17c    000000f0     libc.a : fputs.c.obj (.text.fputs)
                  2000e26c    000000f0            : memory.c.obj (.text.free)
                  2000e35c    000000e8     drivers_cc32xx.a : UARTCC32XX.om4 (.text.UARTCC32XX_close)
                  2000e444    000000e2                      : UARTCC32XX.om4 (.text.UARTCC32XX_write)
                  2000e526    00000002                      : I2C.om4 (.text.I2C_init)
                  2000e528    000000d8     libc.a : setvbuf.c.obj (.text.setvbuf)
                  2000e600    000000bc     drivers_cc32xx.a : UARTCC32XX.om4 (.text.UARTCC32XX_control)
                  2000e6bc    000000b2                      : UARTCC32XX.om4 (.text.readTaskCallback)
                  2000e76e    00000002     nortos_cc32xx.a : PowerCC32XX_nortos.om4 (.text.PowerCC32XX_initPolicy)
                  2000e770    000000b0     libclang_rt.builtins.a : udivmoddi4.S.obj (.text)
                  2000e820    000000ac     drivers_cc32xx.a : UARTCC32XX.om4 (.text.readTaskBlocking)
                  2000e8cc    000000aa                      : UARTCC32XX.om4 (.text.readIsrTextBlocking)
                  2000e976    000000a8                      : UARTCC32XX.om4 (.text.writeData)
                  2000ea1e    000000a6                      : UARTCC32XX.om4 (.text.UARTCC32XX_readPolling)
                  2000eac4    000000a4     driverlib.a : interrupt.obj (.text.IntPendSet)
                  2000eb68    000000a2                 : pin.obj (.text.PinConfigSet)
                  2000ec0a    0000009c     drivers_cc32xx.a : I2CCC32XX.om4 (.text.I2CCC32XX_completeTransfer)
                  2000eca6    0000009c                      : UARTCC32XX.om4 (.text.readIsrTextCallback)
                  2000ed42    0000000e     nortos_cc32xx.a : HwiPCC32XX_nortos.om4 (.text.HwiP_disable)
                  2000ed50    00000096     drivers_cc32xx.a : PowerCC32XX_asm.om4 (.text)
                  2000ede6    00000002     nortos_cc32xx.a : SemaphoreP_nortos.om4 (.text.SemaphoreP_destruct)
                  2000ede8    00000094     drivers_cc32xx.a : PowerCC32XX.om4 (.text.PowerCC32XX_configureWakeup)
                  2000ee7c    00000094     nortos_cc32xx.a : SemaphoreP_nortos.om4 (.text.SemaphoreP_pend)
                  2000ef10    00000094     gpiointerrupt.o (.text.mainThread)
                  2000efa4    0000008e     driverlib.a : prcm.obj (.text.PRCMSysResetCauseGet)
                  2000f032    00000002     drivers_cc32xx.a : Timer.om4 (.text.Timer_init)
                  2000f034    0000008c                      : UARTCC32XX.om4 (.text.initHw)
                  2000f0c0    00000088     libc.a : fputc.c.obj (.text.fputc)
                  2000f148    00000088     gpiointerrupt.o (.text.readTemp)
                  2000f1d0    00000084     drivers_cc32xx.a : GPIOCC32XX.om4 (.text.GPIO_init)
                  2000f254    00000080                      : I2CCC32XX.om4 (.text.I2CCC32XX_initHw)
                  2000f2d4    0000007c     nortos_cc32xx.a : HwiPCC32XX_nortos.om4 (.text.HwiP_construct)
                  2000f350    0000007c     drivers_cc32xx.a : UARTCC32XX.om4 (.text.readIsrBinaryBlocking)
                  2000f3cc    0000007a                      : I2CCC32XX.om4 (.text.I2CCC32XX_primeReadBurst)
                  2000f446    00000002                      : UARTCC32XX.om4 (.text.UARTCC32XX_init)
                  2000f448    00000078                      : PowerCC32XX.om4 (.text.Power_init)
                  2000f4c0    00000074     gpiointerrupt.o (.text.LED_check_print)
                  2000f534    00000074     drivers_cc32xx.a : PowerCC32XX.om4 (.text.Power_setDependency)
                  2000f5a8    00000074     libc.a : fclose.c.obj (.text.__TI_closefile)
                  2000f61c    00000070     drivers_cc32xx.a : UARTCC32XX.om4 (.text.readIsrBinaryCallback)
                  2000f68c    00000070     libc.a : copy_decompress_lzss.c.obj (.text:decompress:lzss)
                  2000f6fc    0000006c     drivers_cc32xx.a : GPIOCC32XX.om4 (.text.powerNotifyFxn)
                  2000f768    0000006c     libc.a : memory.c.obj (.text.split)
                  2000f7d4    0000006a     driverlib.a : prcm.obj (.text.PRCMPeripheralReset)
                  2000f83e    00000002     libclang_rt.builtins.a : aeabi_div0.c.obj (.text.__aeabi_ldiv0)
                  2000f840    00000068     libc.a : fseek.c.obj (.text.fseeko)
                  2000f8a8    00000068            : getdevice.c.obj (.text.getdevice)
                  2000f910    00000066     drivers_cc32xx.a : I2CCC32XX.om4 (.text.I2CCC32XX_primeWriteBurst)
                  2000f976    00000066                      : UARTCC32XX.om4 (.text.UARTCC32XX_hwiIntFxn)
                  2000f9dc    00000064     libsysbm.a : hostrename.c.obj (.text.HOSTrename)
                  2000fa40    00000064     drivers_cc32xx.a : UARTCC32XX.om4 (.text.UARTCC32XX_writeCancel)
                  2000faa4    00000060     nortos_cc32xx.a : ClockPSysTick_nortos.om4 (.text.ClockP_startup)
                  2000fb04    00000060     drivers_cc32xx.a : GPIOCC32XX.om4 (.text.GPIO_write)
                  2000fb64    00000060     libc.a : _io_perm.c.obj (.text.__TI_wrt_ok)
                  2000fbc4    00000060     libsysbm.a : close.c.obj (.text.close)
                  2000fc24    00000060     libc.a : printf.c.obj (.text.printf)
                  2000fc84    0000005c     driverlib.a : flash.obj (.text.FlashDisable)
                  2000fce0    0000005c     drivers_cc32xx.a : I2CCC32XX.om4 (.text.I2CSupport_primeTransfer)
                  2000fd3c    0000005c                      : TimerCC32XX.om4 (.text.TimerCC32XX_allocateTimerResource)
                  2000fd98    0000005a     driverlib.a : prcm.obj (.text.PRCMPeripheralClkEnable)
                  2000fdf2    0000005a     drivers_cc32xx.a : UARTCC32XX.om4 (.text.UARTCC32XX_writePolling)
                  2000fe4c    00000058                      : GPIOCC32XX.om4 (.text.GPIO_hwiIntFxn)
                  2000fea4    00000058                      : GPIOCC32XX.om4 (.text.GPIO_setInterruptConfig)
                  2000fefc    00000058     libsysbm.a : hostlseek.c.obj (.text.HOSTlseek)
                  2000ff54    00000058                : hostopen.c.obj (.text.HOSTopen)
                  2000ffac    00000058     drivers_cc32xx.a : PowerCC32XX.om4 (.text.Power_releaseDependency)
                  20010004    00000056     driverlib.a : prcm.obj (.text.PRCMLPDSEnter)
                  2001005a    00000002     libc.a : _lock.c.obj (.text._nop)
                  2001005c    00000054     libsysbm.a : hostread.c.obj (.text.HOSTread)
                  200100b0    00000054                : hostwrite.c.obj (.text.HOSTwrite)
                  20010104    00000054     drivers_cc32xx.a : PowerCC32XX.om4 (.text.PowerCC32XX_setParkState)
                  20010158    00000050     nortos_cc32xx.a : SemaphoreP_nortos.om4 (.text.SemaphoreP_construct)
                  200101a8    00000050     libc.a : fflush.c.obj (.text.__TI_doflush)
                  200101f8    0000004c     driverlib.a : prcm.obj (.text.PRCMLPDSRestoreInfoSet)
                  20010244    0000004c     drivers_cc32xx.a : TimerCC32XX.om4 (.text.initHw)
                  20010290    0000004c                      : UARTCC32XX.om4 (.text.ringBufGet)
                  200102dc    0000004a                      : PowerCC32XX.om4 (.text.PowerCC32XX_parkPin)
                  20010326    0000004a     nortos_cc32xx.a : PowerCC32XX_nortos.om4 (.text.getCountsRTC)
                  20010370    0000004a     drivers_cc32xx.a : TimerCC32XX.om4 (.text.getPrescaler)
                  200103ba    00000002     nortos_cc32xx.a : startup_cc32xx_ticlang.om4 (.text.busFaultHandler)
                  200103bc    00000048                     : ClockPSysTick_nortos.om4 (.text.ClockP_sysTickHandler)
                  20010404    00000048     drivers_cc32xx.a : GPIOCC32XX.om4 (.text.GPIO_disableInt)
                  2001044c    00000048                      : GPIOCC32XX.om4 (.text.GPIO_enableInt)
                  20010494    00000048     libclang_rt.builtins.a : fixdfsi.S.obj (.text.__fixdfsi)
                  200104dc    00000046     drivers_cc32xx.a : I2CCC32XX.om4 (.text.I2CCC32XX_fillTransmitFifo)
                  20010522    00000046     driverlib.a : prcm.obj (.text.PRCMLPDSEnterKeepDebugIf)
                  20010568    00000046     drivers_cc32xx.a : RingBuf.om4 (.text.RingBuf_put)
                  200105ae    00000002     nortos_cc32xx.a : SemaphoreP_nortos.om4 (.text.clkFxn)
                  200105b0    00000044     libsysbm.a : hostunlink.c.obj (.text.HOSTunlink)
                  200105f4    00000044     drivers_cc32xx.a : PowerCC32XX.om4 (.text.Power_releaseConstraint)
                  20010638    00000044                      : Timer.om4 (.text.Timer_start)
                  2001067c    00000044                      : UART.om4 (.text.UART_init)
                  200106c0    00000044     nortos_cc32xx.a : ClockPSysTick_nortos.om4 (.text.addToList)
                  20010704    00000044     gpiointerrupt.o (.text.initTimer)
                  20010748    00000044     gpiointerrupt.o (.text.interpretation_check)
                  2001078c    00000044     libc.a : snprintf.c.obj (.text.snprintf)
                  200107d0    00000042     driverlib.a : pin.obj (.text.PinModeSet)
                  20010812    00000042                 : timer.obj (.text.TimerControlStall)
                  20010854    00000042     drivers_cc32xx.a : TimerCC32XX.om4 (.text.Timer_close)
                  20010896    00000040     nortos_cc32xx.a : ClockPSysTick_nortos.om4 (.text.ClockP_construct)
                  200108d6    00000002                     : startup_cc32xx_ticlang.om4 (.text.defaultHandler)
                  200108d8    00000040                     : ClockPSysTick_nortos.om4 (.text.ClockP_stop)
                  20010918    00000040                     : SemaphoreP_nortos.om4 (.text.SemaphoreP_post)
                  20010958    00000040     drivers_cc32xx.a : Timer.om4 (.text.Timer_stop)
                  20010998    00000040                      : UART.om4 (.text.UART_open)
                  200109d8    00000040     libc.a : atoi.c.obj (.text.atoi)
                  20010a18    0000003e     drivers_cc32xx.a : RingBuf.om4 (.text.RingBuf_get)
                  20010a56    00000002     nortos_cc32xx.a : startup_cc32xx_ticlang.om4 (.text.faultISR)
                  20010a58    0000003c     libsysbm.a : hostclose.c.obj (.text.HOSTclose)
                  20010a94    0000003a     drivers_cc32xx.a : TimerCC32XX.om4 (.text.TimerSupport_timerEnable)
                  20010ace    00000002     nortos_cc32xx.a : startup_cc32xx_ticlang.om4 (.text.nmiISR)
                  20010ad0    00000038                     : ClockPSysTick_nortos.om4 (.text.ClockP_destruct)
                  20010b08    00000038     drivers_cc32xx.a : PowerCC32XX.om4 (.text.Power_setConstraint)
                  20010b40    00000038     nortos_cc32xx.a : SwiP_nortos.om4 (.text.SwiP_restore)
                  20010b78    00000038     drivers_cc32xx.a : UARTCC32XX.om4 (.text.UARTCC32XX_readCancel)
                  20010bb0    00000038     gpiointerrupt.o (.text.initUART)
                  20010be8    00000038     libc.a : autoinit.c.obj (.text:__TI_auto_init_nobinit_nopinit)
                  20010c20    00000036     drivers_cc32xx.a : TimerCC32XX.om4 (.text.TimerCC32XX_hwiIntFunction)
                  20010c56    00000036                      : UARTCC32XX.om4 (.text.UARTCC32XX_read)
                  20010c8c    00000034     nortos_cc32xx.a : ClockPSysTick_nortos.om4 (.text.ClockP_start)
                  20010cc0    00000034     driverlib.a : i2c.obj (.text.I2CFIFODataPutNonBlocking)
                  20010cf4    00000034                 : pin.obj (.text.PinModeGet)
                  20010d28    00000034     drivers_cc32xx.a : TimerCC32XX.om4 (.text.TimerCC32XX_freeTimerResource)
                  20010d5c    00000034     libc.a : fopen.c.obj (.text.__TI_cleanup)
                  20010d90    00000034     libsysbm.a : trgmsg.c.obj (.text.__TI_writemsg)
                  20010dc4    00000034     nortos_cc32xx.a : startup_cc32xx_ticlang.om4 (.text.initVectors)
                  20010df8    00000030                     : ClockPSysTick_nortos.om4 (.text.ClockP_getTicksUntilInterrupt)
                  20010e28    00000030     driverlib.a : i2c.obj (.text.I2CFIFODataGetNonBlocking)
                  20010e58    00000030                 : timer.obj (.text.TimerLoadSet)
                  20010e88    00000030                 : timer.obj (.text.TimerPrescaleSet)
                  20010eb8    00000030     libsysbm.a : trgmsg.c.obj (.text.__TI_readmsg)
                  20010ee8    00000030     libc.a : snprintf.c.obj (.text._outs)
                  20010f18    00000030            : exit.c.obj (.text.exit)
                  20010f48    00000030     drivers_cc32xx.a : PowerCC32XX.om4 (.text.notify)
                  20010f78    0000002e                      : PowerCC32XX.om4 (.text.PowerCC32XX_restoreParkedPin)
                  20010fa6    00000002     --HOLE-- [fill = 0]
                  20010fa8    0000002e     libclang_rt.builtins.a : floatsidf.S.obj (.text.__floatsidf)
                  20010fd6    0000002c     driverlib.a : i2c.obj (.text.I2CMasterIntStatusEx)
                  20011002    00000002     --HOLE-- [fill = 0]
                  20011004    0000002c     libc.a : getdevice.c.obj (.text.finddevice)
                  20011030    0000002c     libsysbm.a : lseek.c.obj (.text.lseek)
                  2001105c    0000002c                : unlink.c.obj (.text.unlink)
                  20011088    0000002c                : write.c.obj (.text.write)
                  200110b4    0000002a     nortos_cc32xx.a : HwiPCC32XX_nortos.om4 (.text.HwiP_create)
                  200110de    0000002a     driverlib.a : prcm.obj (.text.PRCMPeripheralClkDisable)
                  20011108    00000028                 : i2c.obj (.text.I2CMasterBusBusy)
                  20011130    00000028                 : i2c.obj (.text.I2CMasterSlaveAddrSet)
                  20011158    00000028     drivers_cc32xx.a : I2C.om4 (.text.I2C_cancel)
                  20011180    00000028                      : List.om4 (.text.List_remove)
                  200111a8    00000028                      : PowerCC32XX.om4 (.text.PowerCC32XX_getParkState)
                  200111d0    00000028                      : PowerCC32XX.om4 (.text.PowerCC32XX_reset)
                  200111f8    00000028                      : TimerCC32XX.om4 (.text.TimerSupport_timerDisable)
                  20011220    00000028     libc.a : memory.c.obj (.text.free_list_insert)
                  20011248    00000024     drivers_cc32xx.a : List.om4 (.text.List_put)
                  2001126c    00000024                      : PowerCC32XX.om4 (.text.PowerCC32XX_restoreParkState)
                  20011290    00000024                      : PowerCC32XX.om4 (.text.Power_registerNotify)
                  200112b4    00000024     gpiointerrupt.o (.text.gpioButtonFxn0)
                  200112d8    00000024     gpiointerrupt.o (.text.gpioButtonFxn1)
                  200112fc    00000024     libc.a : fputs.c.obj (.text.puts)
                  20011320    00000024            : boot_cortex_m.c.obj (.text:_c_int00_noargs)
                  20011344    00000020     drivers_cc32xx.a : PowerCC32XX.om4 (.text.Power_unregisterNotify)
                  20011364    00000020     nortos_cc32xx.a : SemaphoreP_nortos.om4 (.text.SemaphoreP_constructBinary)
                  20011384    00000020                     : SemaphoreP_nortos.om4 (.text.SemaphoreP_createBinary)
                  200113a4    00000020     driverlib.a : timer.obj (.text.TimerDisable)
                  200113c4    0000001e     drivers_cc32xx.a : UARTCC32XX.om4 (.text.isFlowControlEnabled)
                  200113e2    0000001e     libc.a : memccpy.c.obj (.text.memccpy)
                  20011400    0000001c     nortos_cc32xx.a : ClockPSysTick_nortos.om4 (.text.ClockP_create)
                  2001141c    0000001c     drivers_cc32xx.a : GPIO.om4 (.text.GPIO_setCallback)
                  20011438    0000001c     nortos_cc32xx.a : HwiPCC32XX_nortos.om4 (.text.HwiP_destruct)
                  20011454    0000001c                     : HwiPCC32XX_nortos.om4 (.text.HwiP_dispatch)
                  20011470    0000001c     drivers_cc32xx.a : RingBuf.om4 (.text.RingBuf_peek)
                  2001148c    0000001c     nortos_cc32xx.a : SwiP_nortos.om4 (.text.SwiP_disable)
                  200114a8    0000001c     libc.a : memory.c.obj (.text.free_list_remove)
                  200114c4    0000001c     nortos_cc32xx.a : startup_cc32xx_ticlang.om4 (.text.resetISR)
                  200114e0    0000001c     gpiointerrupt.o (.text.temperature_check)
                  200114fc    0000001a     driverlib.a : prcm.obj (.text.PRCMHIBRegRead)
                  20011516    0000001a                 : prcm.obj (.text.PRCMHIBRegWrite)
                  20011530    0000001a                 : pin.obj (.text.PinToPadGet)
                  2001154a    0000001a                 : timer.obj (.text.TimerEnable)
                  20011564    00000018     nortos_cc32xx.a : SemaphoreP_nortos.om4 (.text.SemaphoreP_create)
                  2001157c    00000018     libc.a : snprintf.c.obj (.text._outc)
                  20011594    00000018     drivers_cc32xx.a : TimerCC32XX.om4 (.text.getPowerMgrId)
                  200115ac    00000016     ti_drivers_config.o (.text.Board_init)
                  200115c2    00000016     driverlib.a : i2c.obj (.text.I2CMasterBurstLengthSet)
                  200115d8    00000016                 : i2c.obj (.text.I2CMasterIntDisableEx)
                  200115ee    00000016                 : i2c.obj (.text.I2CRxFIFOFlush)
                  20011604    00000016                 : i2c.obj (.text.I2CTxFIFOFlush)
                  2001161a    00000016                 : timer.obj (.text.TimerIntDisable)
                  20011630    00000014                 : cpu.obj (.text.CPUcpsid)
                  20011644    00000014                 : i2c.obj (.text.I2CMasterIntEnableEx)
                  20011658    00000014                 : interrupt.obj (.text.IntVTableBaseSet)
                  2001166c    00000014     drivers_cc32xx.a : PowerCC32XX.om4 (.text.Power_disablePolicy)
                  20011680    00000014                      : PowerCC32XX.om4 (.text.Power_getTransitionLatency)
                  20011694    00000014                      : PowerCC32XX.om4 (.text.Power_idleFunc)
                  200116a8    00000014     driverlib.a : timer.obj (.text.TimerIntEnable)
                  200116bc    00000014                 : uart.obj (.text.UARTIntEnable)
                  200116d0    00000014     libclang_rt.builtins.a : aeabi_uldivmod.S.obj (.text.__aeabi_uldivmod)
                  200116e4    00000012     nortos_cc32xx.a : ClockPSysTick_nortos.om4 (.text.ClockP_add)
                  200116f6    00000012                     : ClockPSysTick_nortos.om4 (.text.ClockP_delete)
                  20011708    00000012                     : HwiPCC32XX_nortos.om4 (.text.HwiP_Params_init)
                  2001171a    00000012                     : HwiPCC32XX_nortos.om4 (.text.HwiP_delete)
                  2001172c    00000012     drivers_cc32xx.a : I2C.om4 (.text.I2C_transfer)
                  2001173e    00000012                      : GPIOCC32XX.om4 (.text.OUTLINED_FUNCTION_0)
                  20011750    00000012     libc.a : memcpy_t2.S.obj (.text:TI_memcpy_small)
                  20011762    00000002     --HOLE-- [fill = 0]
                  20011764    00000010     nortos_cc32xx.a : ClockPSysTick_nortos.om4 (.text.ClockP_getCpuFreq)
                  20011774    00000010                     : ClockPSysTick_nortos.om4 (.text.ClockP_getSystemTicks)
                  20011784    00000010                     : ClockPSysTick_nortos.om4 (.text.ClockP_setTicks)
                  20011794    00000010                     : HwiPCC32XX_nortos.om4 (.text.HwiP_inISR)
                  200117a4    00000010     driverlib.a : i2c.obj (.text.I2CMasterIntClearEx)
                  200117b4    00000010     drivers_cc32xx.a : PowerCC32XX.om4 (.text.Power_enablePolicy)
                  200117c4    00000010                      : RingBuf.om4 (.text.RingBuf_construct)
                  200117d4    00000010     nortos_cc32xx.a : SemaphoreP_nortos.om4 (.text.SemaphoreP_Params_init)
                  200117e4    00000010     driverlib.a : timer.obj (.text.TimerIntClear)
                  200117f4    00000010     drivers_cc32xx.a : Timer.om4 (.text.Timer_Params_init)
                  20011804    00000010     driverlib.a : uart.obj (.text.UARTBusy)
                  20011814    00000010     main_nortos.o (.text.main)
                  20011824    00000010     drivers_cc32xx.a : UARTCC32XX.om4 (.text.readBlockingTimeout)
                  20011834    00000010     libc.a : wcslen.c.obj (.text.wcslen)
                  20011844    00000010            : copy_zero_init.c.obj (.text:decompress:ZI)
                  20011854    0000000e     nortos_cc32xx.a : HwiPCC32XX_nortos.om4 (.text.HwiP_restore)
                  20011862    0000000e     driverlib.a : i2c.obj (.text.I2CFIFOStatus)
                  20011870    0000000e     drivers_cc32xx.a : I2CCC32XX.om4 (.text.I2CSupport_masterFinish)
                  2001187e    0000000e                      : RingBuf.om4 (.text.RingBuf_isFull)
                  2001188c    0000000e     libsysbm.a : hostrename.c.obj (.text.strcpy)
                  2001189a    0000000e     libc.a : _printfi.c.obj (.text.strlen)
                  200118a8    0000000e     libsysbm.a : hostrename.c.obj (.text.strlen)
                  200118b6    0000000e     libc.a : memset_t2.S.obj (.text:TI_memset_small)
                  200118c4    0000000e            : copy_decompress_none.c.obj (.text:decompress:none)
                  200118d2    0000000c     drivers_cc32xx.a : I2C.om4 (.text.I2C_Params_init)
                  200118de    0000000c                      : I2CCC32XX.om4 (.text.OUTLINED_FUNCTION_0)
                  200118ea    00000002     --HOLE-- [fill = 0]
                  200118ec    0000000c                      : PowerCC32XX.om4 (.text.Power_getConstraintMask)
                  200118f8    0000000c                      : UART.om4 (.text.UART_Params_init)
                  20011904    0000000c                      : TimerCC32XX.om4 (.text.postNotifyFxn)
                  20011910    0000000c                      : UARTCC32XX.om4 (.text.postNotifyFxn)
                  2001191c    0000000c     gpiointerrupt.o (.text.timerCallback)
                  20011928    0000000a     nortos_cc32xx.a : ClockPSysTick_nortos.om4 (.text.ClockP_Params_init)
                  20011932    0000000a                     : ClockPSysTick_nortos.om4 (.text.ClockP_isActive)
                  2001193c    0000000a                     : HwiPCC32XX_nortos.om4 (.text.HwiP_clearInterrupt)
                  20011946    0000000a                     : HwiPCC32XX_nortos.om4 (.text.HwiP_disableInterrupt)
                  20011950    0000000a                     : HwiPCC32XX_nortos.om4 (.text.HwiP_enable)
                  2001195a    0000000a                     : HwiPCC32XX_nortos.om4 (.text.HwiP_enableInterrupt)
                  20011964    0000000a     driverlib.a : interrupt.obj (.text.IntMasterDisable)
                  2001196e    0000000a     drivers_cc32xx.a : UARTCC32XX.om4 (.text.OUTLINED_FUNCTION_0)
                  20011978    0000000a     gpiointerrupt.o (.text.OUTLINED_FUNCTION_0)
                  20011982    0000000a     drivers_cc32xx.a : UARTCC32XX.om4 (.text.OUTLINED_FUNCTION_1)
                  2001198c    0000000a     gpiointerrupt.o (.text.OUTLINED_FUNCTION_1)
                  20011996    00000002     --HOLE-- [fill = 0]
                  20011998    0000000a     libclang_rt.builtins.a : aeabi_memset.S.obj (.text.__aeabi_memset)
                  200119a2    00000008     drivers_cc32xx.a : I2CCC32XX.om4 (.text.I2CCC32XX_blockingCallback)
                  200119aa    00000008     driverlib.a : utils.obj (.text.UtilsDelay)
                  200119b2    00000002     --HOLE-- [fill = 0]
                  200119b4    00000008     libc.a : aeabi_portable.c.obj (.text.__aeabi_errno_addr)
                  200119bc    00000008     libclang_rt.builtins.a : aeabi_memset.S.obj (.text.__aeabi_memclr)
                  200119c4    00000008     libc.a : memory.c.obj (.text.malloc)
                  200119cc    00000008     drivers_cc32xx.a : UARTCC32XX.om4 (.text.readSemCallback)
                  200119d4    00000008                      : UARTCC32XX.om4 (.text.writeSemCallback)
                  200119dc    00000006                      : I2CCC32XX.om4 (.text.I2CSupport_powerRelConstraint)
                  200119e2    00000006                      : I2CCC32XX.om4 (.text.I2CSupport_powerSetConstraint)
                  200119e8    00000006                      : UART.om4 (.text.UART_write)
                  200119ee    00000004     nortos_cc32xx.a : ClockPSysTick_nortos.om4 (.text.ClockP_doTick)
                  200119f2    00000004                     : ClockPSysTick_nortos.om4 (.text.ClockP_setTimeout)
                  200119f6    00000004                     : HwiPCC32XX_nortos.om4 (.text.HwiP_post)
                  200119fa    00000004                     : NoRTOS.om4 (.text.NoRTOS_start)
                  200119fe    00000004                     : SemaphoreP_nortos.om4 (.text.SemaphoreP_delete)
                  20011a02    00000002     --HOLE-- [fill = 0]
                  20011a04    00000004     libclang_rt.builtins.a : aeabi_memcpy.S.obj (.text.__aeabi_memcpy)
                  20011a08    00000004     libc.a : printf.c.obj (.text._outc)
                  20011a0c    00000004            : printf.c.obj (.text._outs)
                  20011a10    00000004            : pre_init.c.obj (.text._system_pre_init)
                  20011a14    00000004            : fseek.c.obj (.text.fseek)
                  20011a18    00000004     libsysbm.a : remove.c.obj (.text.remove)
                  20011a1c    00000004     libc.a : exit.c.obj (.text:abort)

.ramVecs   0    20000000    0000030c     NOLOAD SECTION
                  20000000    0000030c     nortos_cc32xx.a : startup_cc32xx_ticlang.om4 (.ramVecs)

.stack     0    20003000    00001000     UNINITIALIZED
                  20003000    00000004     libc.a : boot_cortex_m.c.obj (.stack)
                  20003004    00000ffc     --HOLE--

.resetVecs 
*          0    20004000    00000040     
                  20004000    00000040     nortos_cc32xx.a : startup_cc32xx_ticlang.om4 (.resetVecs)

.sysmem    0    20004040    00008000     UNINITIALIZED
                  20004040    00000010     libc.a : memory.c.obj (.sysmem)
                  20004050    00007ff0     --HOLE--

.rodata    0    20012940    0000063c     
                  20012940    00000101     libc.a : aeabi_ctype.S.obj (.rodata:__aeabi_ctype_table_)
                  20012a41    00000002            : fputs.c.obj (.rodata.str1.127069605411828601681)
                  20012a43    00000001     ti_drivers_config.o (.rodata.GPIO_pinUpperBound)
                  20012a44    00000100     driverlib.a : pin.obj (.rodata.g_ulPinToPadMap)
                  20012b44    000000a8                 : prcm.obj (.rodata.PRCM_PeriphRegsList)
                  20012bec    00000048     gpiointerrupt.o (.rodata.str1.117259490511853709771)
                  20012c34    00000044     ti_drivers_config.o (.rodata.PowerCC32XX_config)
                  20012c78    00000032     gpiointerrupt.o (.rodata.str1.59672170090002130734)
                  20012caa    00000001     ti_drivers_config.o (.rodata.I2C_count)
                  20012cab    00000001     ti_drivers_config.o (.rodata.Timer_count)
                  20012cac    00000028     drivers_cc32xx.a : UARTCC32XX.om4 (.rodata.UARTCC32XX_fxnTable)
                  20012cd4    00000028                      : GPIOCC32XX.om4 (.rodata.portConfigs)
                  20012cfc    00000027     gpiointerrupt.o (.rodata.str1.2552335557485402981)
                  20012d23    00000001     ti_drivers_config.o (.rodata.UART_count)
                  20012d24    00000024     drivers_cc32xx.a : UART.om4 (.rodata.UART_defaultParams)
                  20012d48    00000024     ti_drivers_config.o (.rodata.uartCC32XXHWAttrs0)
                  20012d6c    00000021     drivers_cc32xx.a : GPIOCC32XX.om4 (.rodata.pinTable)
                  20012d8d    00000021     gpiointerrupt.o (.rodata.str1.172639838942318644741)
                  20012dae    00000002     --HOLE-- [fill = 0]
                  20012db0    00000020     drivers_cc32xx.a : UARTCC32XX.om4 (.rodata.staticFxnTable)
                  20012dd0    0000001b     gpiointerrupt.o (.rodata.str1.119337933097536889414)
                  20012deb    0000001b     gpiointerrupt.o (.rodata.str1.75752999448730089091)
                  20012e06    00000019     gpiointerrupt.o (.rodata.str1.11185842174238506241)
                  20012e1f    00000019     gpiointerrupt.o (.rodata.str1.99899187528894583921)
                  20012e38    00000018     driverlib.a : interrupt.obj (.rodata.g_pulPendRegs)
                  20012e50    00000018     gpiointerrupt.o (.rodata.sensors)
                  20012e68    00000016     gpiointerrupt.o (.rodata.str1.181675244382094836811)
                  20012e7e    00000002     --HOLE-- [fill = 0]
                  20012e80    00000014     ti_drivers_config.o (.rodata.i2cCC32XXHWAttrs)
                  20012e94    00000014     drivers_cc32xx.a : UARTCC32XX.om4 (.rodata.parityType)
                  20012ea8    00000011     libc.a : _printfi.c.obj (.rodata.str1.11645776875810915891)
                  20012eb9    00000011            : _printfi.c.obj (.rodata.str1.44690500295887128011)
                  20012eca    00000002     --HOLE-- [fill = 0]
                  20012ecc    00000010     ti_drivers_config.o (.rodata.GPIO_config)
                  20012edc    00000010     drivers_cc32xx.a : I2CCC32XX.om4 (.rodata.cst16)
                  20012eec    00000010                      : UARTCC32XX.om4 (.rodata.cst16)
                  20012efc    00000010     ti_drivers_config.o (.rodata.timerCC32XXHWAttrs)
                  20012f0c    0000000d     gpiointerrupt.o (.rodata.str1.8099049698717124711)
                  20012f19    00000003     --HOLE-- [fill = 0]
                  20012f1c    0000000c     ti_drivers_config.o (.rodata.UART_config)
                  20012f28    0000000c     drivers_cc32xx.a : Timer.om4 (.rodata.defaultParams)
                  20012f34    0000000c                      : TimerCC32XX.om4 (.rodata.defaultParams)
                  20012f40    00000009     gpiointerrupt.o (.rodata.str1.149745159178111864794)
                  20012f49    00000003     --HOLE-- [fill = 0]
                  20012f4c    00000009     gpiointerrupt.o (.rodata.str1.27667157146944505614)
                  20012f55    00000003     --HOLE-- [fill = 0]
                  20012f58    00000008     ti_drivers_config.o (.rodata.I2C_config)
                  20012f60    00000008     ti_drivers_config.o (.rodata.Timer_config)
                  20012f68    00000008     drivers_cc32xx.a : UARTCC32XX.om4 (.rodata.cst8)
                  20012f70    00000004     gpiointerrupt.o (.rodata.str1.74142311551570879921)
                  20012f74    00000004     gpiointerrupt.o (.rodata.str1.76852768311284507591)
                  20012f78    00000004     gpiointerrupt.o (.rodata.str1.83244292559720334441)

.cinit     0    20012f7c    0000014c     
                  20012f7c    00000127     (.cinit..data.load) [load image, compression = lzss]
                  200130a3    00000001     --HOLE-- [fill = 0]
                  200130a4    0000000c     (__TI_handler_table)
                  200130b0    00000008     (.cinit..bss.load) [load image, compression = zero_init]
                  200130b8    00000010     (__TI_cinit_table)

.init_array 
*          0    20004000    00000000     UNINITIALIZED

.data      0    20011a20    00000851     UNINITIALIZED
                  20011a20    0000030c     nortos_cc32xx.a : HwiPCC32XX_nortos.om4 (.data.HwiP_dispatchTable)
                  20011d2c    0000016c     drivers_cc32xx.a : PowerCC32XX.om4 (.data.PowerCC32XX_module)
                  20011e98    000000f8     ti_drivers_config.o (.data.parkInfo)
                  20011f90    000000f0     libc.a : defs.c.obj (.data._ftable)
                  20012080    00000084     ti_drivers_config.o (.data.gpioPinConfigs)
                  20012104    00000078     libsysbm.a : host_device.c.obj (.data._device)
                  2001217c    00000050                : host_device.c.obj (.data._stream)
                  200121cc    0000004c     nortos_cc32xx.a : SwiP_nortos.om4 (.data..L_MergedGlobals)
                  20012218    00000018     gpiointerrupt.o (.data..L_MergedGlobals)
                  20012230    00000010     nortos_cc32xx.a : SemaphoreP_nortos.om4 (.data..L_MergedGlobals)
                  20012240    00000008     drivers_cc32xx.a : GPIOCC32XX.om4 (.data..L_MergedGlobals)
                  20012248    00000008     libc.a : exit.c.obj (.data..L_MergedGlobals)
                  20012250    00000008     nortos_cc32xx.a : ClockPSysTick_nortos.om4 (.data..L_MergedGlobals)
                  20012258    00000004                     : HwiPCC32XX_nortos.om4 (.data.HwiP_swiPIntNum)
                  2001225c    00000004     libc.a : defs.c.obj (.data.__TI_ft_end)
                  20012260    00000004            : aeabi_portable.c.obj (.data.__aeabi_errno)
                  20012264    00000004            : _lock.c.obj (.data._lock)
                  20012268    00000004            : _lock.c.obj (.data._unlock)
                  2001226c    00000001     drivers_cc32xx.a : UART.om4 (.data.isInitialized)
                  2001226d    00000001                      : GPIOCC32XX.om4 (.data.portHwiCreatedBitMask)
                  2001226e    00000002     --HOLE--
                  20012270    00000001     libc.a : memory.c.obj (.data.memory_is_initialized)

.bss       0    20012278    000006c0     UNINITIALIZED
                  20012278    0000012c     (.common:PowerCC32XX_contextSave)
                  200123a4    00000120     libsysbm.a : trgmsg.c.obj (.bss:_CIOBUF_)
                  200124c4    000000fc     (.common:i2cCC32XXObjects)
                  200125c0    000000a0     libc.a : defs.c.obj (.bss.__TI_tmpnams)
                  20012660    00000084     (.common:gpioCallbackFunctions)
                  200126e4    00000084     (.common:gpioUserArgs)
                  20012768    00000084     (.common:timerCC32XXObjects)
                  200127ec    00000084     (.common:uartCC32XXObjects0)
                  20012870    00000040     (.common:output)
                  200128b0    00000020     ti_drivers_config.o (.bss.uartCC32XXRingBuffer0)
                  200128d0    00000020     (.common:i2cTransaction)
                  200128f0    00000014     drivers_cc32xx.a : GPIOCC32XX.om4 (.bss.powerNotifyObj)
                  20012904    00000004     nortos_cc32xx.a : ClockPSysTick_nortos.om4 (.bss.sysTickPeriod)
                  20012908    00000010     (.common:ClockP_ctrl)
                  20012918    00000008     libsysbm.a : hostopen.c.obj (.bss.parmbuf)
                  20012920    00000004     libc.a : memory.c.obj (.bss.sys_free)
                  20012924    00000004     drivers_cc32xx.a : TimerCC32XX.om4 (.bss.timerState.0)
                  20012928    00000004     (.common:i2c)
                  2001292c    00000004     (.common:timer0)
                  20012930    00000004     (.common:uart)
                  20012934    00000002     (.common:rxBuffer)
                  20012936    00000001     (.common:button)
                  20012937    00000001     (.common:txBuffer)

.log_data 
*          0    90000000    00000000     COPY SECTION

__llvm_prf_cnts 
*          0    20004000    00000000     UNINITIALIZED

__llvm_prf_bits 
*          0    20004000    00000000     UNINITIALIZED

MODULE SUMMARY

       Module                       code    ro data   rw data
       ------                       ----    -------   -------
    .\
       gpiointerrupt.o              1088    387       136    
       main_nortos.o                16      0         0      
    +--+----------------------------+-------+---------+---------+
       Total:                       1104    387       136    
                                                             
    .\syscfg\
       ti_drivers_config.o          24      188       1192   
    +--+----------------------------+-------+---------+---------+
       Total:                       24      188       1192   
                                                             
    E:/ti/ccs1250/simplelink_cc32xx_sdk_6_10_00_05/kernel/nortos/lib/ticlang/m4/nortos_cc32xx.a
       HwiPCC32XX_nortos.om4        346     0         784    
       startup_cc32xx_ticlang.om4   88      64        780    
       ClockPSysTick_nortos.om4     660     0         28     
       PowerCC32XX_nortos.om4       440     0         0      
       SemaphoreP_nortos.om4        404     0         16     
       SwiP_nortos.om4              84      0         76     
       NoRTOS.om4                   4       0         0      
    +--+----------------------------+-------+---------+---------+
       Total:                       2026    64        1684   
                                                             
    E:/ti/ccs1250/simplelink_cc32xx_sdk_6_10_00_05/source/ti/devices/cc32xx/driverlib/ticlang/Release/driverlib.a
       prcm.obj                     1872    168       0      
       pin.obj                      306     256       0      
       i2c.obj                      362     0         0      
       timer.obj                    278     0         0      
       interrupt.obj                194     24        0      
       flash.obj                    92      0         0      
       uart.obj                     36      0         0      
       cpu.obj                      20      0         0      
       utils.obj                    8       0         0      
    +--+----------------------------+-------+---------+---------+
       Total:                       3168    448       0      
                                                             
    E:/ti/ccs1250/simplelink_cc32xx_sdk_6_10_00_05/source/ti/drivers/lib/ticlang/m4/drivers_cc32xx.a
       UARTCC32XX.om4               3170    116       0      
       PowerCC32XX.om4              2160    0         664    
       I2CCC32XX.om4                1284    16        0      
       GPIOCC32XX.om4               1022    73        29     
       TimerCC32XX.om4              876     12        4      
       I2C.om4                      366     0         0      
       RingBuf.om4                  190     0         0      
       UART.om4                     150     36        1      
       Timer.om4                    150     12        0      
       PowerCC32XX_asm.om4          150     0         0      
       List.om4                     76      0         0      
       GPIO.om4                     28      0         0      
    +--+----------------------------+-------+---------+---------+
       Total:                       9622    265       698    
                                                             
    E:\ti\ccs1250\ccs\tools\compiler\ti-cgt-armllvm_3.2.0.LTS\lib\armv7em-ti-none-eabi/c/libc.a
       _printfi.c.obj               2170    34        0      
       strcmp_t2.S.obj              732     0         0      
       memory.c.obj                 712     0         5      
       defs.c.obj                   0       0         404    
       fputs.c.obj                  276     2         0      
       aeabi_ctype.S.obj            0       257       0      
       setvbuf.c.obj                216     0         0      
       getdevice.c.obj              148     0         0      
       snprintf.c.obj               140     0         0      
       fputc.c.obj                  136     0         0      
       fclose.c.obj                 116     0         0      
       copy_decompress_lzss.c.obj   112     0         0      
       fseek.c.obj                  108     0         0      
       printf.c.obj                 104     0         0      
       _io_perm.c.obj               96      0         0      
       fflush.c.obj                 80      0         0      
       atoi.c.obj                   64      0         0      
       exit.c.obj                   52      0         8      
       autoinit.c.obj               56      0         0      
       fopen.c.obj                  52      0         0      
       boot_cortex_m.c.obj          36      0         0      
       memccpy.c.obj                30      0         0      
       memcpy_t2.S.obj              18      0         0      
       copy_zero_init.c.obj         16      0         0      
       wcslen.c.obj                 16      0         0      
       copy_decompress_none.c.obj   14      0         0      
       memset_t2.S.obj              14      0         0      
       aeabi_portable.c.obj         8       0         4      
       _lock.c.obj                  2       0         8      
       pre_init.c.obj               4       0         0      
    +--+----------------------------+-------+---------+---------+
       Total:                       5528    293       429    
                                                             
    E:\ti\ccs1250\ccs\tools\compiler\ti-cgt-armllvm_3.2.0.LTS\lib\armv7em-ti-none-eabi/c/libsysbm.a
       trgmsg.c.obj                 100     0         288    
       host_device.c.obj            0       0         200    
       hostrename.c.obj             128     0         0      
       close.c.obj                  96      0         0      
       hostopen.c.obj               88      0         8      
       hostlseek.c.obj              88      0         0      
       hostread.c.obj               84      0         0      
       hostwrite.c.obj              84      0         0      
       hostunlink.c.obj             68      0         0      
       hostclose.c.obj              60      0         0      
       lseek.c.obj                  44      0         0      
       unlink.c.obj                 44      0         0      
       write.c.obj                  44      0         0      
       remove.c.obj                 4       0         0      
    +--+----------------------------+-------+---------+---------+
       Total:                       932     0         496    
                                                             
    E:\ti\ccs1250\ccs\tools\compiler\ti-cgt-armllvm_3.2.0.LTS\lib\clang/15.0.7/lib/armv7em-ti-none-eabi/libclang_rt.builtins.a
       muldf3.S.obj                 252     0         0      
       udivmoddi4.S.obj             176     0         0      
       fixdfsi.S.obj                72      0         0      
       floatsidf.S.obj              46      0         0      
       aeabi_uldivmod.S.obj         20      0         0      
       aeabi_memset.S.obj           18      0         0      
       aeabi_memcpy.S.obj           4       0         0      
       aeabi_div0.c.obj             2       0         0      
    +--+----------------------------+-------+---------+---------+
       Total:                       590     0         0      
                                                             
       Heap:                        0       0         32768  
       Stack:                       0       0         4096   
       Linker Generated:            0       331       0      
    +--+----------------------------+-------+---------+---------+
       Grand Total:                 22994   1976      41499  


LINKER GENERATED COPY TABLES

__TI_cinit_table @ 200130b8 records: 2, size/record: 8, table size: 16
	.data: load addr=20012f7c, load size=00000127 bytes, run addr=20011a20, run size=00000851 bytes, compression=lzss
	.bss: load addr=200130b0, load size=00000008 bytes, run addr=20012278, run size=000006c0 bytes, compression=zero_init


LINKER GENERATED HANDLER TABLE

__TI_handler_table @ 200130a4 records: 3, size/record: 4, table size: 12
	index: 0, handler: __TI_decompress_lzss
	index: 1, handler: __TI_decompress_none
	index: 2, handler: __TI_zero_init


GLOBAL SYMBOLS: SORTED ALPHABETICALLY BY Name 

address   name                             
-------   ----                             
200115ad  Board_init                       
2000de6b  Board_initHook                   
20011a1c  C$$EXIT                          
20010dbb  C$$IO$$                          
20011631  CPUcpsid                         
20011929  ClockP_Params_init               
200116e5  ClockP_add                       
20010897  ClockP_construct                 
20011401  ClockP_create                    
20012908  ClockP_ctrl                      
200116f7  ClockP_delete                    
20010ad1  ClockP_destruct                  
200119ef  ClockP_doTick                    
20011765  ClockP_getCpuFreq                
20011775  ClockP_getSystemTicks            
20010df9  ClockP_getTicksUntilInterrupt    
20011933  ClockP_isActive                  
20011785  ClockP_setTicks                  
200119f3  ClockP_setTimeout                
20010c8d  ClockP_start                     
2000faa5  ClockP_startup                   
200108d9  ClockP_stop                      
200103bd  ClockP_sysTickHandler            
20012254  ClockP_tickPeriod                
2000fc85  FlashDisable                     
20012ecc  GPIO_config                      
20010405  GPIO_disableInt                  
2001044d  GPIO_enableInt                   
2000fe4d  GPIO_hwiIntFxn                   
2000f1d1  GPIO_init                        
20012a43  GPIO_pinUpperBound               
2001141d  GPIO_setCallback                 
2000d969  GPIO_setConfig                   
2000fea5  GPIO_setInterruptConfig          
2000fb05  GPIO_write                       
20010a59  HOSTclose                        
2000fefd  HOSTlseek                        
2000ff55  HOSTopen                         
2001005d  HOSTread                         
2000f9dd  HOSTrename                       
200105b1  HOSTunlink                       
200100b1  HOSTwrite                        
20011709  HwiP_Params_init                 
2001193d  HwiP_clearInterrupt              
2000f2d5  HwiP_construct                   
200110b5  HwiP_create                      
2001171b  HwiP_delete                      
20011439  HwiP_destruct                    
2000ed43  HwiP_disable                     
20011947  HwiP_disableInterrupt            
20011455  HwiP_dispatch                    
20011951  HwiP_enable                      
2001195b  HwiP_enableInterrupt             
20011795  HwiP_inISR                       
200119f7  HwiP_post                        
20011855  HwiP_restore                     
20012258  HwiP_swiPIntNum                  
20010e29  I2CFIFODataGetNonBlocking        
20010cc1  I2CFIFODataPutNonBlocking        
20011863  I2CFIFOStatus                    
200115c3  I2CMasterBurstLengthSet          
20011109  I2CMasterBusBusy                 
200117a5  I2CMasterIntClearEx              
200115d9  I2CMasterIntDisableEx            
20011645  I2CMasterIntEnableEx             
20010fd7  I2CMasterIntStatusEx             
20011131  I2CMasterSlaveAddrSet            
200115ef  I2CRxFIFOFlush                   
20011871  I2CSupport_masterFinish          
200119dd  I2CSupport_powerRelConstraint    
200119e3  I2CSupport_powerSetConstraint    
2000fce1  I2CSupport_primeTransfer         
20011605  I2CTxFIFOFlush                   
200118d3  I2C_Params_init                  
20011159  I2C_cancel                       
20012f58  I2C_config                       
20012caa  I2C_count                        
2000e527  I2C_init                         
2000e089  I2C_open                         
2001172d  I2C_transfer                     
2000dd45  I2C_transferTimeout              
UNDEFED   ITM_flush                        
UNDEFED   ITM_restore                      
20011965  IntMasterDisable                 
2000eac5  IntPendSet                       
20011659  IntVTableBaseSet                 
2000f4c1  LED_check_print                  
20011249  List_put                         
20011181  List_remove                      
200119fb  NoRTOS_start                     
2000c8ad  PRCMCC3200MCUInit                
200114fd  PRCMHIBRegRead                   
20011517  PRCMHIBRegWrite                  
20010005  PRCMLPDSEnter                    
20010523  PRCMLPDSEnterKeepDebugIf         
200101f9  PRCMLPDSRestoreInfoSet           
200110df  PRCMPeripheralClkDisable         
2000fd99  PRCMPeripheralClkEnable          
2000f7d5  PRCMPeripheralReset              
2000efa5  PRCMSysResetCauseGet             
2000eb69  PinConfigSet                     
20010cf5  PinModeGet                       
200107d1  PinModeSet                       
20011531  PinToPadGet                      
20012c34  PowerCC32XX_config               
2000ede9  PowerCC32XX_configureWakeup      
20012278  PowerCC32XX_contextSave          
2000ed51  PowerCC32XX_enterLPDS            
200111a9  PowerCC32XX_getParkState         
2000e76f  PowerCC32XX_initPolicy           
20011d2c  PowerCC32XX_module               
200102dd  PowerCC32XX_parkPin              
200111d1  PowerCC32XX_reset                
2001126d  PowerCC32XX_restoreParkState     
20010f79  PowerCC32XX_restoreParkedPin     
2000ed95  PowerCC32XX_resumeLPDS           
20010105  PowerCC32XX_setParkState         
2000d691  PowerCC32XX_sleepPolicy          
2001166d  Power_disablePolicy              
200117b5  Power_enablePolicy               
200118ed  Power_getConstraintMask          
20011681  Power_getTransitionLatency       
20011695  Power_idleFunc                   
2000f449  Power_init                       
20011291  Power_registerNotify             
200105f5  Power_releaseConstraint          
2000ffad  Power_releaseDependency          
20010b09  Power_setConstraint              
2000f535  Power_setDependency              
2000cd65  Power_sleep                      
20011345  Power_unregisterNotify           
200117c5  RingBuf_construct                
20010a19  RingBuf_get                      
2001187f  RingBuf_isFull                   
20011471  RingBuf_peek                     
20010569  RingBuf_put                      
200117d5  SemaphoreP_Params_init           
20010159  SemaphoreP_construct             
20011365  SemaphoreP_constructBinary       
20011565  SemaphoreP_create                
20011385  SemaphoreP_createBinary          
20012238  SemaphoreP_defaultParams         
200119ff  SemaphoreP_delete                
2000ede7  SemaphoreP_destruct              
2000ee7d  SemaphoreP_pend                  
20010919  SemaphoreP_post                  
2001148d  SwiP_disable                     
20010b41  SwiP_restore                     
20011751  TI_memcpy_small                  
200118b7  TI_memset_small                  
2000fd3d  TimerCC32XX_allocateTimerResource
20010d29  TimerCC32XX_freeTimerResource    
20010813  TimerControlStall                
200113a5  TimerDisable                     
2001154b  TimerEnable                      
20012218  TimerFlag                        
200117e5  TimerIntClear                    
2001161b  TimerIntDisable                  
200116a9  TimerIntEnable                   
20010e59  TimerLoadSet                     
20010e89  TimerPrescaleSet                 
200111f9  TimerSupport_timerDisable        
20010a95  TimerSupport_timerEnable         
200117f5  Timer_Params_init                
20010855  Timer_close                      
20012f60  Timer_config                     
20012cab  Timer_count                      
2000f033  Timer_init                       
2000dac5  Timer_open                       
20010639  Timer_start                      
20010959  Timer_stop                       
20011805  UARTBusy                         
2000e35d  UARTCC32XX_close                 
2000e601  UARTCC32XX_control               
20012cac  UARTCC32XX_fxnTable              
2000f447  UARTCC32XX_init                  
2000d45d  UARTCC32XX_open                  
20010c57  UARTCC32XX_read                  
20010b79  UARTCC32XX_readCancel            
2000ea1f  UARTCC32XX_readPolling           
2000e445  UARTCC32XX_write                 
2000fa41  UARTCC32XX_writeCancel           
2000fdf3  UARTCC32XX_writePolling          
200116bd  UARTIntEnable                    
200118f9  UART_Params_init                 
20012f1c  UART_config                      
20012d23  UART_count                       
20012d24  UART_defaultParams               
2001067d  UART_init                        
20010999  UART_open                        
200119e9  UART_write                       
200119ab  UtilsDelay                       
200123a4  _CIOBUF_                         
200123a4  __CIOBUF_                        
20004000  __STACK_END                      
00001000  __STACK_SIZE                     
00008000  __SYSMEM_SIZE                    
00000000  __TI_ATRegion0_region_sz         
00000000  __TI_ATRegion0_src_addr          
00000000  __TI_ATRegion0_trg_addr          
00000000  __TI_ATRegion1_region_sz         
00000000  __TI_ATRegion1_src_addr          
00000000  __TI_ATRegion1_trg_addr          
00000000  __TI_ATRegion2_region_sz         
00000000  __TI_ATRegion2_src_addr          
00000000  __TI_ATRegion2_trg_addr          
200130b8  __TI_CINIT_Base                  
200130c8  __TI_CINIT_Limit                 
200130c8  __TI_CINIT_Warm                  
200130a4  __TI_Handler_Table_Base          
200130b0  __TI_Handler_Table_Limit         
20010be9  __TI_auto_init_nobinit_nopinit   
20010d5d  __TI_cleanup                     
20012248  __TI_cleanup_ptr                 
2000f5a9  __TI_closefile                   
2000f68d  __TI_decompress_lzss             
200118c5  __TI_decompress_none             
200101a9  __TI_doflush                     
2001224c  __TI_dtors_ptr                   
2001225c  __TI_ft_end                      
ffffffff  __TI_pprof_out_hndl              
2000c041  __TI_printfi_nofloat             
ffffffff  __TI_prof_data_size              
ffffffff  __TI_prof_data_start             
20010eb9  __TI_readmsg                     
20012f7c  __TI_static_base__               
200125c0  __TI_tmpnams                     
20010d91  __TI_writemsg                    
2000fb65  __TI_wrt_ok                      
20011845  __TI_zero_init                   
20012940  __aeabi_ctype_table_             
20012940  __aeabi_ctype_table_C            
20010495  __aeabi_d2iz                     
2000df8d  __aeabi_dmul                     
20012260  __aeabi_errno                    
200119b5  __aeabi_errno_addr               
20010fa9  __aeabi_i2d                      
2000f83f  __aeabi_ldiv0                    
200119bd  __aeabi_memclr                   
200119bd  __aeabi_memclr4                  
200119bd  __aeabi_memclr8                  
20011a05  __aeabi_memcpy                   
20011a05  __aeabi_memcpy4                  
20011a05  __aeabi_memcpy8                  
20011999  __aeabi_memset                   
20011999  __aeabi_memset4                  
20011999  __aeabi_memset8                  
200116d1  __aeabi_uldivmod                 
ffffffff  __binit__                        
20010495  __fixdfsi                        
20010fa9  __floatsidf                      
UNDEFED   __mpu_init                       
2000df8d  __muldf3                         
20003000  __stack                          
20004000  __start___llvm_prf_bits          
20004000  __start___llvm_prf_cnts          
20004000  __stop___llvm_prf_bits           
20004000  __stop___llvm_prf_cnts           
2000e771  __udivmoddi4                     
20011321  _c_int00_noargs                  
20012104  _device                          
20011f90  _ftable                          
20012264  _lock                            
2001005b  _nop                             
2001217c  _stream                          
20004040  _sys_memory                      
UNDEFED   _system_post_cinit               
20011a11  _system_pre_init                 
20012268  _unlock                          
20011a1d  abort                            
2000de6d  aligned_alloc                    
200109d9  atoi                             
ffffffff  binit                            
20012936  button                           
200105af  clkFxn                           
2000fbc5  close                            
20012220  end_period_cnt                   
20010f19  exit                             
20011005  finddevice                       
2001221c  flag_button                      
2000f0c1  fputc                            
2000e17d  fputs                            
2000e26d  free                             
20011a15  fseek                            
2000f841  fseeko                           
2000f8a9  getdevice                        
200112b5  gpioButtonFxn0                   
200112d9  gpioButtonFxn1                   
20012660  gpioCallbackFunctions            
20012080  gpioPinConfigs                   
200126e4  gpioUserArgs                     
20012928  i2c                              
20012e80  i2cCC32XXHWAttrs                 
200124c4  i2cCC32XXObjects                 
200128d0  i2cTransaction                   
2000d7fd  initI2C                          
20010705  initTimer                        
20010bb1  initUART                         
20010dc5  initVectors                      
20010749  interpretation_check             
20011031  lseek                            
20011815  main                             
2000ef11  mainThread                       
200119c5  malloc                           
2000de6d  memalign                         
200113e3  memccpy                          
2001222c  one_secound_in_millisecond       
20012870  output                           
20011e98  parkInfo                         
20012918  parmbuf                          
20012228  period_in_milliseconds           
2000fc25  printf                           
200112fd  puts                             
2000f149  readTemp                         
20011a19  remove                           
200114c5  resetISR                         
20012934  rxBuffer                         
20012224  set_point                        
2000e529  setvbuf                          
2001078d  snprintf                         
2000d189  strcmp                           
200114e1  temperature_check                
2001292c  timer0                           
20012efc  timerCC32XXHWAttrs               
20012768  timerCC32XXObjects               
2001191d  timerCallback                    
20012937  txBuffer                         
20012930  uart                             
200127ec  uartCC32XXObjects0               
2001105d  unlink                           
20011835  wcslen                           
20011089  write                            


GLOBAL SYMBOLS: SORTED BY Symbol Address 

address   name                             
-------   ----                             
00000000  __TI_ATRegion0_region_sz         
00000000  __TI_ATRegion0_src_addr          
00000000  __TI_ATRegion0_trg_addr          
00000000  __TI_ATRegion1_region_sz         
00000000  __TI_ATRegion1_src_addr          
00000000  __TI_ATRegion1_trg_addr          
00000000  __TI_ATRegion2_region_sz         
00000000  __TI_ATRegion2_src_addr          
00000000  __TI_ATRegion2_trg_addr          
00001000  __STACK_SIZE                     
00008000  __SYSMEM_SIZE                    
20003000  __stack                          
20004000  __STACK_END                      
20004000  __start___llvm_prf_bits          
20004000  __start___llvm_prf_cnts          
20004000  __stop___llvm_prf_bits           
20004000  __stop___llvm_prf_cnts           
20004040  _sys_memory                      
2000c041  __TI_printfi_nofloat             
2000c8ad  PRCMCC3200MCUInit                
2000cd65  Power_sleep                      
2000d189  strcmp                           
2000d45d  UARTCC32XX_open                  
2000d691  PowerCC32XX_sleepPolicy          
2000d7fd  initI2C                          
2000d969  GPIO_setConfig                   
2000dac5  Timer_open                       
2000dd45  I2C_transferTimeout              
2000de6b  Board_initHook                   
2000de6d  aligned_alloc                    
2000de6d  memalign                         
2000df8d  __aeabi_dmul                     
2000df8d  __muldf3                         
2000e089  I2C_open                         
2000e17d  fputs                            
2000e26d  free                             
2000e35d  UARTCC32XX_close                 
2000e445  UARTCC32XX_write                 
2000e527  I2C_init                         
2000e529  setvbuf                          
2000e601  UARTCC32XX_control               
2000e76f  PowerCC32XX_initPolicy           
2000e771  __udivmoddi4                     
2000ea1f  UARTCC32XX_readPolling           
2000eac5  IntPendSet                       
2000eb69  PinConfigSet                     
2000ed43  HwiP_disable                     
2000ed51  PowerCC32XX_enterLPDS            
2000ed95  PowerCC32XX_resumeLPDS           
2000ede7  SemaphoreP_destruct              
2000ede9  PowerCC32XX_configureWakeup      
2000ee7d  SemaphoreP_pend                  
2000ef11  mainThread                       
2000efa5  PRCMSysResetCauseGet             
2000f033  Timer_init                       
2000f0c1  fputc                            
2000f149  readTemp                         
2000f1d1  GPIO_init                        
2000f2d5  HwiP_construct                   
2000f447  UARTCC32XX_init                  
2000f449  Power_init                       
2000f4c1  LED_check_print                  
2000f535  Power_setDependency              
2000f5a9  __TI_closefile                   
2000f68d  __TI_decompress_lzss             
2000f7d5  PRCMPeripheralReset              
2000f83f  __aeabi_ldiv0                    
2000f841  fseeko                           
2000f8a9  getdevice                        
2000f9dd  HOSTrename                       
2000fa41  UARTCC32XX_writeCancel           
2000faa5  ClockP_startup                   
2000fb05  GPIO_write                       
2000fb65  __TI_wrt_ok                      
2000fbc5  close                            
2000fc25  printf                           
2000fc85  FlashDisable                     
2000fce1  I2CSupport_primeTransfer         
2000fd3d  TimerCC32XX_allocateTimerResource
2000fd99  PRCMPeripheralClkEnable          
2000fdf3  UARTCC32XX_writePolling          
2000fe4d  GPIO_hwiIntFxn                   
2000fea5  GPIO_setInterruptConfig          
2000fefd  HOSTlseek                        
2000ff55  HOSTopen                         
2000ffad  Power_releaseDependency          
20010005  PRCMLPDSEnter                    
2001005b  _nop                             
2001005d  HOSTread                         
200100b1  HOSTwrite                        
20010105  PowerCC32XX_setParkState         
20010159  SemaphoreP_construct             
200101a9  __TI_doflush                     
200101f9  PRCMLPDSRestoreInfoSet           
200102dd  PowerCC32XX_parkPin              
200103bd  ClockP_sysTickHandler            
20010405  GPIO_disableInt                  
2001044d  GPIO_enableInt                   
20010495  __aeabi_d2iz                     
20010495  __fixdfsi                        
20010523  PRCMLPDSEnterKeepDebugIf         
20010569  RingBuf_put                      
200105af  clkFxn                           
200105b1  HOSTunlink                       
200105f5  Power_releaseConstraint          
20010639  Timer_start                      
2001067d  UART_init                        
20010705  initTimer                        
20010749  interpretation_check             
2001078d  snprintf                         
200107d1  PinModeSet                       
20010813  TimerControlStall                
20010855  Timer_close                      
20010897  ClockP_construct                 
200108d9  ClockP_stop                      
20010919  SemaphoreP_post                  
20010959  Timer_stop                       
20010999  UART_open                        
200109d9  atoi                             
20010a19  RingBuf_get                      
20010a59  HOSTclose                        
20010a95  TimerSupport_timerEnable         
20010ad1  ClockP_destruct                  
20010b09  Power_setConstraint              
20010b41  SwiP_restore                     
20010b79  UARTCC32XX_readCancel            
20010bb1  initUART                         
20010be9  __TI_auto_init_nobinit_nopinit   
20010c57  UARTCC32XX_read                  
20010c8d  ClockP_start                     
20010cc1  I2CFIFODataPutNonBlocking        
20010cf5  PinModeGet                       
20010d29  TimerCC32XX_freeTimerResource    
20010d5d  __TI_cleanup                     
20010d91  __TI_writemsg                    
20010dbb  C$$IO$$                          
20010dc5  initVectors                      
20010df9  ClockP_getTicksUntilInterrupt    
20010e29  I2CFIFODataGetNonBlocking        
20010e59  TimerLoadSet                     
20010e89  TimerPrescaleSet                 
20010eb9  __TI_readmsg                     
20010f19  exit                             
20010f79  PowerCC32XX_restoreParkedPin     
20010fa9  __aeabi_i2d                      
20010fa9  __floatsidf                      
20010fd7  I2CMasterIntStatusEx             
20011005  finddevice                       
20011031  lseek                            
2001105d  unlink                           
20011089  write                            
200110b5  HwiP_create                      
200110df  PRCMPeripheralClkDisable         
20011109  I2CMasterBusBusy                 
20011131  I2CMasterSlaveAddrSet            
20011159  I2C_cancel                       
20011181  List_remove                      
200111a9  PowerCC32XX_getParkState         
200111d1  PowerCC32XX_reset                
200111f9  TimerSupport_timerDisable        
20011249  List_put                         
2001126d  PowerCC32XX_restoreParkState     
20011291  Power_registerNotify             
200112b5  gpioButtonFxn0                   
200112d9  gpioButtonFxn1                   
200112fd  puts                             
20011321  _c_int00_noargs                  
20011345  Power_unregisterNotify           
20011365  SemaphoreP_constructBinary       
20011385  SemaphoreP_createBinary          
200113a5  TimerDisable                     
200113e3  memccpy                          
20011401  ClockP_create                    
2001141d  GPIO_setCallback                 
20011439  HwiP_destruct                    
20011455  HwiP_dispatch                    
20011471  RingBuf_peek                     
2001148d  SwiP_disable                     
200114c5  resetISR                         
200114e1  temperature_check                
200114fd  PRCMHIBRegRead                   
20011517  PRCMHIBRegWrite                  
20011531  PinToPadGet                      
2001154b  TimerEnable                      
20011565  SemaphoreP_create                
200115ad  Board_init                       
200115c3  I2CMasterBurstLengthSet          
200115d9  I2CMasterIntDisableEx            
200115ef  I2CRxFIFOFlush                   
20011605  I2CTxFIFOFlush                   
2001161b  TimerIntDisable                  
20011631  CPUcpsid                         
20011645  I2CMasterIntEnableEx             
20011659  IntVTableBaseSet                 
2001166d  Power_disablePolicy              
20011681  Power_getTransitionLatency       
20011695  Power_idleFunc                   
200116a9  TimerIntEnable                   
200116bd  UARTIntEnable                    
200116d1  __aeabi_uldivmod                 
200116e5  ClockP_add                       
200116f7  ClockP_delete                    
20011709  HwiP_Params_init                 
2001171b  HwiP_delete                      
2001172d  I2C_transfer                     
20011751  TI_memcpy_small                  
20011765  ClockP_getCpuFreq                
20011775  ClockP_getSystemTicks            
20011785  ClockP_setTicks                  
20011795  HwiP_inISR                       
200117a5  I2CMasterIntClearEx              
200117b5  Power_enablePolicy               
200117c5  RingBuf_construct                
200117d5  SemaphoreP_Params_init           
200117e5  TimerIntClear                    
200117f5  Timer_Params_init                
20011805  UARTBusy                         
20011815  main                             
20011835  wcslen                           
20011845  __TI_zero_init                   
20011855  HwiP_restore                     
20011863  I2CFIFOStatus                    
20011871  I2CSupport_masterFinish          
2001187f  RingBuf_isFull                   
200118b7  TI_memset_small                  
200118c5  __TI_decompress_none             
200118d3  I2C_Params_init                  
200118ed  Power_getConstraintMask          
200118f9  UART_Params_init                 
2001191d  timerCallback                    
20011929  ClockP_Params_init               
20011933  ClockP_isActive                  
2001193d  HwiP_clearInterrupt              
20011947  HwiP_disableInterrupt            
20011951  HwiP_enable                      
2001195b  HwiP_enableInterrupt             
20011965  IntMasterDisable                 
20011999  __aeabi_memset                   
20011999  __aeabi_memset4                  
20011999  __aeabi_memset8                  
200119ab  UtilsDelay                       
200119b5  __aeabi_errno_addr               
200119bd  __aeabi_memclr                   
200119bd  __aeabi_memclr4                  
200119bd  __aeabi_memclr8                  
200119c5  malloc                           
200119dd  I2CSupport_powerRelConstraint    
200119e3  I2CSupport_powerSetConstraint    
200119e9  UART_write                       
200119ef  ClockP_doTick                    
200119f3  ClockP_setTimeout                
200119f7  HwiP_post                        
200119fb  NoRTOS_start                     
200119ff  SemaphoreP_delete                
20011a05  __aeabi_memcpy                   
20011a05  __aeabi_memcpy4                  
20011a05  __aeabi_memcpy8                  
20011a11  _system_pre_init                 
20011a15  fseek                            
20011a19  remove                           
20011a1c  C$$EXIT                          
20011a1d  abort                            
20011d2c  PowerCC32XX_module               
20011e98  parkInfo                         
20011f90  _ftable                          
20012080  gpioPinConfigs                   
20012104  _device                          
2001217c  _stream                          
20012218  TimerFlag                        
2001221c  flag_button                      
20012220  end_period_cnt                   
20012224  set_point                        
20012228  period_in_milliseconds           
2001222c  one_secound_in_millisecond       
20012238  SemaphoreP_defaultParams         
20012248  __TI_cleanup_ptr                 
2001224c  __TI_dtors_ptr                   
20012254  ClockP_tickPeriod                
20012258  HwiP_swiPIntNum                  
2001225c  __TI_ft_end                      
20012260  __aeabi_errno                    
20012264  _lock                            
20012268  _unlock                          
20012278  PowerCC32XX_contextSave          
200123a4  _CIOBUF_                         
200123a4  __CIOBUF_                        
200124c4  i2cCC32XXObjects                 
200125c0  __TI_tmpnams                     
20012660  gpioCallbackFunctions            
200126e4  gpioUserArgs                     
20012768  timerCC32XXObjects               
200127ec  uartCC32XXObjects0               
20012870  output                           
200128d0  i2cTransaction                   
20012908  ClockP_ctrl                      
20012918  parmbuf                          
20012928  i2c                              
2001292c  timer0                           
20012930  uart                             
20012934  rxBuffer                         
20012936  button                           
20012937  txBuffer                         
20012940  __aeabi_ctype_table_             
20012940  __aeabi_ctype_table_C            
20012a43  GPIO_pinUpperBound               
20012c34  PowerCC32XX_config               
20012caa  I2C_count                        
20012cab  Timer_count                      
20012cac  UARTCC32XX_fxnTable              
20012d23  UART_count                       
20012d24  UART_defaultParams               
20012e80  i2cCC32XXHWAttrs                 
20012ecc  GPIO_config                      
20012efc  timerCC32XXHWAttrs               
20012f1c  UART_config                      
20012f58  I2C_config                       
20012f60  Timer_config                     
20012f7c  __TI_static_base__               
200130a4  __TI_Handler_Table_Base          
200130b0  __TI_Handler_Table_Limit         
200130b8  __TI_CINIT_Base                  
200130c8  __TI_CINIT_Limit                 
200130c8  __TI_CINIT_Warm                  
ffffffff  __TI_pprof_out_hndl              
ffffffff  __TI_prof_data_size              
ffffffff  __TI_prof_data_start             
ffffffff  __binit__                        
ffffffff  binit                            
UNDEFED   ITM_flush                        
UNDEFED   ITM_restore                      
UNDEFED   __mpu_init                       
UNDEFED   _system_post_cinit               

[332 symbols]
